node_modules/@types/babel__template/index.d.ts(11,28): error TS2583: Cannot find name 'Set'. Do you need to change your target library? Try changing the 'lib' compiler option to 'es2015' or later.
node_modules/@types/babel__traverse/index.d.ts(63,15): error TS2583: Cannot find name 'WeakMap'. Do you need to change your target library? Try changing the 'lib' compiler option to 'es2015' or later.
node_modules/@types/babel__traverse/index.d.ts(63,31): error TS2583: Cannot find name 'Map'. Do you need to change your target library? Try changing the 'lib' compiler option to 'es2015' or later.
node_modules/@types/babel__traverse/index.d.ts(64,16): error TS2583: Cannot find name 'WeakMap'. Do you need to change your target library? Try changing the 'lib' compiler option to 'es2015' or later.
node_modules/@types/babel__traverse/index.d.ts(90,13): error TS2583: Cannot find name 'Map'. Do you need to change your target library? Try changing the 'lib' compiler option to 'es2015' or later.
node_modules/@types/prop-types/index.d.ts(16,38): error TS2304: Cannot find name 'Iterable'.
node_modules/@types/react/index.d.ts(448,26): error TS2304: Cannot find name 'Iterable'.
node_modules/@types/react/index.d.ts(486,10): error TS2456: Type alias 'ReactNode' circularly references itself.
node_modules/@types/react/index.d.ts(490,11): error TS2304: Cannot find name 'Iterable'.
src/leaderboard.ts(110,28): error TS2550: Property 'findIndex' does not exist on type 'LeaderboardEntry[]'. Do you need to change your target library? Try changing the 'lib' compiler option to 'es2015' or later.
src/persistence.ts(680,42): error TS2550: Property 'find' does not exist on type '{ id: number; name: string; units: string[]; squads: { id: number; type: "warrior" | "militia" | "longsword" | "pikemen" | "light_cavalry" | "heavy_cavalry" | "archer" | "skirmisher" | "crossbowmen"; maxSize: number; currentSize: number; }[]; ... 10 more ...; xpNextLevel?: number; }[]'. Do you need to change your target library? Try changing the 'lib' compiler option to 'es2015' or later.
src/ResourceVillageUI.tsx(1,8): error TS1259: Module '"C:/AntiGravity/Zundral_Web/node_modules/@types/react/index"' can only be default-imported using the 'esModuleInterop' flag
src/ResourceVillageUI.tsx(2,26): error TS6142: Module './BlacksmithUI' was resolved to 'C:/AntiGravity/Zundral_Web/src/BlacksmithUI.tsx', but '--jsx' is not set.
src/ResourceVillageUI.tsx(3,28): error TS6142: Module './TechnologiesUI' was resolved to 'C:/AntiGravity/Zundral_Web/src/TechnologiesUI.tsx', but '--jsx' is not set.
src/ResourceVillageUI.tsx(4,27): error TS6142: Module './LeaderboardUI' was resolved to 'C:/AntiGravity/Zundral_Web/src/LeaderboardUI.tsx', but '--jsx' is not set.
src/ResourceVillageUI.tsx(8,25): error TS2307: Cannot find module '../imgs/Zundral-compact.png' or its corresponding type declarations.
src/ResourceVillageUI.tsx(9,21): error TS2307: Cannot find module '../imgs/pop-icon.png' or its corresponding type declarations.
src/ResourceVillageUI.tsx(10,27): error TS2307: Cannot find module '../imgs/buildings/lumbjerjack.png' or its corresponding type declarations.
src/ResourceVillageUI.tsx(11,27): error TS2307: Cannot find module '../imgs/background/background01.png' or its corresponding type declarations.
src/ResourceVillageUI.tsx(13,19): error TS2307: Cannot find module '../imgs/resources/r_wood.png' or its corresponding type declarations.
src/ResourceVillageUI.tsx(14,20): error TS2307: Cannot find module '../imgs/resources/r_stone.png' or its corresponding type declarations.
src/ResourceVillageUI.tsx(15,19): error TS2307: Cannot find module '../imgs/resources/r_food.png' or its corresponding type declarations.
src/ResourceVillageUI.tsx(16,19): error TS2307: Cannot find module '../imgs/resources/r_iron.png' or its corresponding type declarations.
src/ResourceVillageUI.tsx(17,19): error TS2307: Cannot find module '../imgs/resources/r_gold.png' or its corresponding type declarations.
src/ResourceVillageUI.tsx(18,25): error TS2307: Cannot find module '../imgs/resources/r_population.png' or its corresponding type declarations.
src/ResourceVillageUI.tsx(19,20): error TS2307: Cannot find module '../imgs/resources/r_taxes.png' or its corresponding type declarations.
src/ResourceVillageUI.tsx(264,31): error TS2550: Property 'find' does not exist on type 'XPLevelInfo[]'. Do you need to change your target library? Try changing the 'lib' compiler option to 'es2015' or later.
src/ResourceVillageUI.tsx(270,31): error TS2550: Property 'find' does not exist on type 'XPLevelInfo[]'. Do you need to change your target library? Try changing the 'lib' compiler option to 'es2015' or later.
src/ResourceVillageUI.tsx(853,5): error TS17004: Cannot use JSX unless the '--jsx' flag is provided.
src/ResourceVillageUI.tsx(855,7): error TS17004: Cannot use JSX unless the '--jsx' flag is provided.
src/ResourceVillageUI.tsx(857,7): error TS17004: Cannot use JSX unless the '--jsx' flag is provided.
src/ResourceVillageUI.tsx(863,9): error TS17004: Cannot use JSX unless the '--jsx' flag is provided.
src/ResourceVillageUI.tsx(864,11): error TS17004: Cannot use JSX unless the '--jsx' flag is provided.
src/ResourceVillageUI.tsx(865,13): error TS17004: Cannot use JSX unless the '--jsx' flag is provided.
src/ResourceVillageUI.tsx(866,33): error TS17004: Cannot use JSX unless the '--jsx' flag is provided.
src/ResourceVillageUI.tsx(868,11): error TS17004: Cannot use JSX unless the '--jsx' flag is provided.
src/ResourceVillageUI.tsx(872,9): error TS17004: Cannot use JSX unless the '--jsx' flag is provided.
src/ResourceVillageUI.tsx(874,13): error TS17004: Cannot use JSX unless the '--jsx' flag is provided.
src/ResourceVillageUI.tsx(888,9): error TS17004: Cannot use JSX unless the '--jsx' flag is provided.
src/ResourceVillageUI.tsx(889,19): error TS2550: Property 'entries' does not exist on type 'ObjectConstructor'. Do you need to change your target library? Try changing the 'lib' compiler option to 'es2017' or later.
src/ResourceVillageUI.tsx(898,17): error TS17004: Cannot use JSX unless the '--jsx' flag is provided.
src/ResourceVillageUI.tsx(911,19): error TS17004: Cannot use JSX unless the '--jsx' flag is provided.
src/ResourceVillageUI.tsx(913,21): error TS17004: Cannot use JSX unless the '--jsx' flag is provided.
src/ResourceVillageUI.tsx(919,21): error TS17004: Cannot use JSX unless the '--jsx' flag is provided.
src/ResourceVillageUI.tsx(920,23): error TS17004: Cannot use JSX unless the '--jsx' flag is provided.
src/ResourceVillageUI.tsx(923,23): error TS17004: Cannot use JSX unless the '--jsx' flag is provided.
src/ResourceVillageUI.tsx(929,19): error TS17004: Cannot use JSX unless the '--jsx' flag is provided.
src/ResourceVillageUI.tsx(930,21): error TS17004: Cannot use JSX unless the '--jsx' flag is provided.
src/ResourceVillageUI.tsx(933,34): error TS17004: Cannot use JSX unless the '--jsx' flag is provided.
src/ResourceVillageUI.tsx(1062,88): error TS2583: Cannot find name 'Map'. Do you need to change your target library? Try changing the 'lib' compiler option to 'es2015' or later.
src/ResourceVillageUI.tsx(1063,26): error TS2583: Cannot find name 'Map'. Do you need to change your target library? Try changing the 'lib' compiler option to 'es2015' or later.
src/ResourceVillageUI.tsx(1187,106): error TS2550: Property 'isFinite' does not exist on type 'NumberConstructor'. Do you need to change your target library? Try changing the 'lib' compiler option to 'es2015' or later.
src/ResourceVillageUI.tsx(1188,106): error TS2550: Property 'isFinite' does not exist on type 'NumberConstructor'. Do you need to change your target library? Try changing the 'lib' compiler option to 'es2015' or later.
src/ResourceVillageUI.tsx(1390,5): error TS17004: Cannot use JSX unless the '--jsx' flag is provided.
src/ResourceVillageUI.tsx(1391,7): error TS17004: Cannot use JSX unless the '--jsx' flag is provided.
src/ResourceVillageUI.tsx(1399,9): error TS17004: Cannot use JSX unless the '--jsx' flag is provided.
src/ResourceVillageUI.tsx(1407,11): error TS17004: Cannot use JSX unless the '--jsx' flag is provided.
src/ResourceVillageUI.tsx(1409,13): error TS17004: Cannot use JSX unless the '--jsx' flag is provided.
src/ResourceVillageUI.tsx(1410,15): error TS17004: Cannot use JSX unless the '--jsx' flag is provided.
src/ResourceVillageUI.tsx(1411,15): error TS17004: Cannot use JSX unless the '--jsx' flag is provided.
src/ResourceVillageUI.tsx(1412,15): error TS17004: Cannot use JSX unless the '--jsx' flag is provided.
src/ResourceVillageUI.tsx(1663,5): error TS17004: Cannot use JSX unless the '--jsx' flag is provided.
src/ResourceVillageUI.tsx(1664,7): error TS17004: Cannot use JSX unless the '--jsx' flag is provided.
src/ResourceVillageUI.tsx(1667,7): error TS17004: Cannot use JSX unless the '--jsx' flag is provided.
src/ResourceVillageUI.tsx(1668,9): error TS17004: Cannot use JSX unless the '--jsx' flag is provided.
src/ResourceVillageUI.tsx(1676,11): error TS17004: Cannot use JSX unless the '--jsx' flag is provided.
src/ResourceVillageUI.tsx(1684,13): error TS17004: Cannot use JSX unless the '--jsx' flag is provided.
src/ResourceVillageUI.tsx(1686,15): error TS17004: Cannot use JSX unless the '--jsx' flag is provided.
src/ResourceVillageUI.tsx(1687,17): error TS17004: Cannot use JSX unless the '--jsx' flag is provided.
src/ResourceVillageUI.tsx(1688,17): error TS17004: Cannot use JSX unless the '--jsx' flag is provided.
src/ResourceVillageUI.tsx(1689,17): error TS17004: Cannot use JSX unless the '--jsx' flag is provided.
src/ResourceVillageUI.tsx(1694,9): error TS17004: Cannot use JSX unless the '--jsx' flag is provided.
src/ResourceVillageUI.tsx(1793,5): error TS17004: Cannot use JSX unless the '--jsx' flag is provided.
src/ResourceVillageUI.tsx(1794,7): error TS17004: Cannot use JSX unless the '--jsx' flag is provided.
src/ResourceVillageUI.tsx(1797,7): error TS17004: Cannot use JSX unless the '--jsx' flag is provided.
src/ResourceVillageUI.tsx(1798,9): error TS17004: Cannot use JSX unless the '--jsx' flag is provided.
src/ResourceVillageUI.tsx(1806,11): error TS17004: Cannot use JSX unless the '--jsx' flag is provided.
src/ResourceVillageUI.tsx(1814,13): error TS17004: Cannot use JSX unless the '--jsx' flag is provided.
src/ResourceVillageUI.tsx(1816,15): error TS17004: Cannot use JSX unless the '--jsx' flag is provided.
src/ResourceVillageUI.tsx(1817,17): error TS17004: Cannot use JSX unless the '--jsx' flag is provided.
src/ResourceVillageUI.tsx(1818,17): error TS17004: Cannot use JSX unless the '--jsx' flag is provided.
src/ResourceVillageUI.tsx(1819,17): error TS17004: Cannot use JSX unless the '--jsx' flag is provided.
src/ResourceVillageUI.tsx(1824,9): error TS17004: Cannot use JSX unless the '--jsx' flag is provided.
src/ResourceVillageUI.tsx(1868,26): error TS2550: Property 'entries' does not exist on type 'ObjectConstructor'. Do you need to change your target library? Try changing the 'lib' compiler option to 'es2017' or later.
src/ResourceVillageUI.tsx(1959,40): error TS2503: Cannot find namespace 'NodeJS'.
src/ResourceVillageUI.tsx(2028,12): error TS2585: 'Promise' only refers to a type, but is being used as a value here. Do you need to change your target library? Try changing the 'lib' compiler option to es2015 or later.
src/ResourceVillageUI.tsx(2588,67): error TS2550: Property 'includes' does not exist on type 'number[]'. Do you need to change your target library? Try changing the 'lib' compiler option to 'es2016' or later.
src/ResourceVillageUI.tsx(2730,7): error TS2322: Type '{ id: number; name: string; description: string; duration: number; status: "running" | "available" | "completedRewardsPending" | "completedRewardsClaimed" | "archived"; staged: number[]; ... 8 more ...; isNew: boolean; }[]' is not assignable to type '{ id: number; name: string; description?: string; duration: number; status: "running" | "available" | "completedRewardsPending" | "completedRewardsClaimed" | "archived"; staged: number[]; ... 8 more ...; isNew?: boolean; }[]'.
  Type '{ id: number; name: string; description: string; duration: number; status: "running" | "available" | "completedRewardsPending" | "completedRewardsClaimed" | "archived"; staged: number[]; ... 8 more ...; isNew: boolean; }' is not assignable to type '{ id: number; name: string; description?: string; duration: number; status: "running" | "available" | "completedRewardsPending" | "completedRewardsClaimed" | "archived"; staged: number[]; ... 8 more ...; isNew?: boolean; }'.
    Types of property 'enemyComposition' are incompatible.
      Type 'Partial<Record<UnitType, number>> | { warrior?: number; archer?: number; }' is not assignable to type '{ warrior: number; archer: number; }'.
        Type 'Partial<Record<UnitType, number>>' is not assignable to type '{ warrior: number; archer: number; }'.
          Property 'warrior' is optional in type 'Partial<Record<UnitType, number>>' but required in type '{ warrior: number; archer: number; }'.
src/ResourceVillageUI.tsx(2771,7): error TS2322: Type '"production" | "army" | "missions" | "expeditions" | "leaderboard" | "factions" | "council"' is not assignable to type '"production" | "army" | "missions" | "expeditions" | "leaderboard" | "factions"'.
  Type '"council"' is not assignable to type '"production" | "army" | "missions" | "expeditions" | "leaderboard" | "factions"'.
src/ResourceVillageUI.tsx(2772,7): error TS2322: Type '"regular" | "mercenaries"' is not assignable to type '"banners"'.
  Type '"regular"' is not assignable to type '"banners"'.
src/ResourceVillageUI.tsx(2781,23): error TS2550: Property 'fromEntries' does not exist on type 'ObjectConstructor'. Do you need to change your target library? Try changing the 'lib' compiler option to 'es2019' or later.
src/ResourceVillageUI.tsx(2782,18): error TS2550: Property 'entries' does not exist on type 'ObjectConstructor'. Do you need to change your target library? Try changing the 'lib' compiler option to 'es2017' or later.
src/ResourceVillageUI.tsx(2819,17): error TS2345: Argument of type '{ level: number; }' is not assignable to parameter of type 'SetStateAction<TownHallState>'.
  Type '{ level: number; }' is not assignable to type 'TownHallState'.
    Types of property 'level' are incompatible.
      Type 'number' is not assignable to type 'TownHallLevel'.
src/ResourceVillageUI.tsx(2847,24): error TS2339: Property 'commanderId' does not exist on type '{ id: number; name: string; units: string[]; squads: { id: number; type: "warrior" | "militia" | "longsword" | "pikemen" | "light_cavalry" | "heavy_cavalry" | "archer" | "skirmisher" | "crossbowmen"; maxSize: number; currentSize: number; }[]; ... 10 more ...; xpNextLevel?: number; }'.
src/ResourceVillageUI.tsx(2859,13): error TS2367: This comparison appears to be unintentional because the types '"running" | "available" | "completedRewardsPending" | "completedRewardsClaimed" | "archived"' and '"complete"' have no overlap.
src/ResourceVillageUI.tsx(2889,20): error TS2345: Argument of type '({ expeditionId: string; title: string; shortSummary: string; description: string; state: "completed" | "available" | "funding" | "readyToLaunch" | "travelling"; requirements: { wood: { ...; }; stone: { ...; }; food: { ...; }; population: { ...; }; }; travelProgress: number; fortress?: { ...; }; } | { ...; })[]' is not assignable to parameter of type 'SetStateAction<Expedition[]>'.
  Type '({ expeditionId: string; title: string; shortSummary: string; description: string; state: "completed" | "available" | "funding" | "readyToLaunch" | "travelling"; requirements: { wood: { ...; }; stone: { ...; }; food: { ...; }; population: { ...; }; }; travelProgress: number; fortress?: { ...; }; } | { ...; })[]' is not assignable to type 'Expedition[]'.
    Type '{ expeditionId: string; title: string; shortSummary: string; description: string; state: "completed" | "available" | "funding" | "readyToLaunch" | "travelling"; requirements: { wood: { ...; }; stone: { ...; }; food: { ...; }; population: { ...; }; }; travelProgress: number; fortress?: { ...; }; } | { ...; }' is not assignable to type 'Expedition'.
      Type '{ expeditionId: string; title: string; shortSummary: string; description: string; state: "completed" | "available" | "funding" | "readyToLaunch" | "travelling"; requirements: { wood: { required: number; current: number; }; stone: { ...; }; food: { ...; }; population: { ...; }; }; travelProgress: number; fortress?: {...' is not assignable to type 'Expedition'.
        The types of 'fortress.buildings' are incompatible between these types.
          Type '{ id: string; name: string; level: number; maxLevel: number; description: string; }[]' is not assignable to type 'FortressBuilding[]'.
            Type '{ id: string; name: string; level: number; maxLevel: number; description: string; }' is missing the following properties from type 'FortressBuilding': getEffect, getUpgradeCost
src/ResourceVillageUI.tsx(2895,44): error TS2550: Property 'find' does not exist on type 'FortressBuilding[]'. Do you need to change your target library? Try changing the 'lib' compiler option to 'es2015' or later.
src/ResourceVillageUI.tsx(2936,16): error TS2345: Argument of type '"banners"' is not assignable to parameter of type 'SetStateAction<"regular" | "mercenaries">'.
src/ResourceVillageUI.tsx(2967,14): error TS2550: Property 'entries' does not exist on type 'ObjectConstructor'. Do you need to change your target library? Try changing the 'lib' compiler option to 'es2017' or later.
src/ResourceVillageUI.tsx(3180,28): error TS2550: Property 'find' does not exist on type 'Banner[]'. Do you need to change your target library? Try changing the 'lib' compiler option to 'es2015' or later.
src/ResourceVillageUI.tsx(3195,28): error TS2550: Property 'find' does not exist on type 'Banner[]'. Do you need to change your target library? Try changing the 'lib' compiler option to 'es2015' or later.
src/ResourceVillageUI.tsx(3268,25): error TS2550: Property 'find' does not exist on type 'Banner[]'. Do you need to change your target library? Try changing the 'lib' compiler option to 'es2015' or later.
src/ResourceVillageUI.tsx(3371,45): error TS2550: Property 'from' does not exist on type 'ArrayConstructor'. Do you need to change your target library? Try changing the 'lib' compiler option to 'es2015' or later.
src/ResourceVillageUI.tsx(3472,28): error TS2550: Property 'find' does not exist on type 'Banner[]'. Do you need to change your target library? Try changing the 'lib' compiler option to 'es2015' or later.
src/ResourceVillageUI.tsx(3550,30): error TS2550: Property 'find' does not exist on type 'Mission[]'. Do you need to change your target library? Try changing the 'lib' compiler option to 'es2015' or later.
src/ResourceVillageUI.tsx(3583,30): error TS2550: Property 'find' does not exist on type 'Mission[]'. Do you need to change your target library? Try changing the 'lib' compiler option to 'es2015' or later.
src/ResourceVillageUI.tsx(3690,36): error TS2550: Property 'find' does not exist on type 'Expedition[]'. Do you need to change your target library? Try changing the 'lib' compiler option to 'es2015' or later.
src/ResourceVillageUI.tsx(3767,20): error TS2345: Argument of type '(exps: Expedition[]) => (Expedition | { fortress: { buildings: { level: any; id: string; name: string; maxLevel: number; description: string; getEffect: (level: number) => { ...; }; getUpgradeCost: (level: number) => { ...; }; }[]; stats: FortressStats; }; ... 6 more ...; travelProgress: number; })[]' is not assignable to parameter of type 'SetStateAction<Expedition[]>'.
  Type '(exps: Expedition[]) => (Expedition | { fortress: { buildings: { level: any; id: string; name: string; maxLevel: number; description: string; getEffect: (level: number) => { ...; }; getUpgradeCost: (level: number) => { ...; }; }[]; stats: FortressStats; }; ... 6 more ...; travelProgress: number; })[]' is not assignable to type '(prevState: Expedition[]) => Expedition[]'.
    Type '(Expedition | { fortress: { buildings: { level: any; id: string; name: string; maxLevel: number; description: string; getEffect: (level: number) => { fortHP?: number; archerSlots?: number; garrisonWarriors?: number; garrisonArchers?: number; storedSquads?: number; }; getUpgradeCost: (level: number) => { ...; }; }[];...' is not assignable to type 'Expedition[]'.
      Type 'Expedition | { fortress: { buildings: { level: any; id: string; name: string; maxLevel: number; description: string; getEffect: (level: number) => { fortHP?: number; archerSlots?: number; garrisonWarriors?: number; garrisonArchers?: number; storedSquads?: number; }; getUpgradeCost: (level: number) => { ...; }; }[]; ...' is not assignable to type 'Expedition'.
        Type '{ fortress: { buildings: { level: any; id: string; name: string; maxLevel: number; description: string; getEffect: (level: number) => { fortHP?: number; archerSlots?: number; garrisonWarriors?: number; garrisonArchers?: number; storedSquads?: number; }; getUpgradeCost: (level: number) => { wood: number; stone: numbe...' is not assignable to type 'Expedition'.
          Types of property 'fortress' are incompatible.
            Property 'garrison' is missing in type '{ buildings: { level: any; id: string; name: string; maxLevel: number; description: string; getEffect: (level: number) => { fortHP?: number; archerSlots?: number; garrisonWarriors?: number; garrisonArchers?: number; storedSquads?: number; }; getUpgradeCost: (level: number) => { wood: number; stone: number; }; }[]; s...' but required in type '{ buildings: FortressBuilding[]; stats: FortressStats; garrison: number[]; lastBattle?: SiegeBattleResult; }'.
src/ResourceVillageUI.tsx(3770,47): error TS2550: Property 'find' does not exist on type 'FortressBuilding[]'. Do you need to change your target library? Try changing the 'lib' compiler option to 'es2015' or later.
src/ResourceVillageUI.tsx(3805,36): error TS2550: Property 'find' does not exist on type 'Expedition[]'. Do you need to change your target library? Try changing the 'lib' compiler option to 'es2015' or later.
src/ResourceVillageUI.tsx(3808,28): error TS2550: Property 'find' does not exist on type 'Banner[]'. Do you need to change your target library? Try changing the 'lib' compiler option to 'es2015' or later.
src/ResourceVillageUI.tsx(3837,30): error TS2550: Property 'find' does not exist on type 'Banner[]'. Do you need to change your target library? Try changing the 'lib' compiler option to 'es2015' or later.
src/ResourceVillageUI.tsx(3855,36): error TS2550: Property 'find' does not exist on type 'Expedition[]'. Do you need to change your target library? Try changing the 'lib' compiler option to 'es2015' or later.
src/ResourceVillageUI.tsx(3883,36): error TS2550: Property 'find' does not exist on type 'Expedition[]'. Do you need to change your target library? Try changing the 'lib' compiler option to 'es2015' or later.
src/ResourceVillageUI.tsx(3974,31): error TS2583: Cannot find name 'Map'. Do you need to change your target library? Try changing the 'lib' compiler option to 'es2015' or later.
src/ResourceVillageUI.tsx(4053,22): error TS2550: Property 'find' does not exist on type 'Commander[]'. Do you need to change your target library? Try changing the 'lib' compiler option to 'es2015' or later.
src/ResourceVillageUI.tsx(4099,44): error TS2550: Property 'find' does not exist on type 'Commander[]'. Do you need to change your target library? Try changing the 'lib' compiler option to 'es2015' or later.
src/ResourceVillageUI.tsx(4125,36): error TS2550: Property 'find' does not exist on type 'Expedition[]'. Do you need to change your target library? Try changing the 'lib' compiler option to 'es2015' or later.
src/ResourceVillageUI.tsx(4332,36): error TS2550: Property 'find' does not exist on type 'Expedition[]'. Do you need to change your target library? Try changing the 'lib' compiler option to 'es2015' or later.
src/ResourceVillageUI.tsx(4359,28): error TS2550: Property 'find' does not exist on type 'Banner[]'. Do you need to change your target library? Try changing the 'lib' compiler option to 'es2015' or later.
src/ResourceVillageUI.tsx(4416,43): error TS2550: Property 'find' does not exist on type 'Squad[]'. Do you need to change your target library? Try changing the 'lib' compiler option to 'es2015' or later.
src/ResourceVillageUI.tsx(4713,106): error TS2550: Property 'isFinite' does not exist on type 'NumberConstructor'. Do you need to change your target library? Try changing the 'lib' compiler option to 'es2015' or later.
src/ResourceVillageUI.tsx(4714,106): error TS2550: Property 'isFinite' does not exist on type 'NumberConstructor'. Do you need to change your target library? Try changing the 'lib' compiler option to 'es2015' or later.
src/ResourceVillageUI.tsx(5148,40): error TS2550: Property 'find' does not exist on type 'Commander[]'. Do you need to change your target library? Try changing the 'lib' compiler option to 'es2015' or later.
src/ResourceVillageUI.tsx(5173,38): error TS2550: Property 'find' does not exist on type 'BannerTemplate[]'. Do you need to change your target library? Try changing the 'lib' compiler option to 'es2015' or later.
src/ResourceVillageUI.tsx(5512,43): error TS2550: Property 'findIndex' does not exist on type '{ squads: { id: number; type: UnitType; maxSize: number; currentSize: number; }[]; id: number; name: string; units: string[]; status: "idle" | "ready" | "training" | "deployed" | "destroyed"; ... 10 more ...; commanderId?: number; }[]'. Do you need to change your target library? Try changing the 'lib' compiler option to 'es2015' or later.
src/ResourceVillageUI.tsx(5529,74): error TS2550: Property 'find' does not exist on type '{ id: number; type: UnitType; maxSize: number; currentSize: number; }[]'. Do you need to change your target library? Try changing the 'lib' compiler option to 'es2015' or later.
src/ResourceVillageUI.tsx(5575,48): error TS2550: Property 'find' does not exist on type '{ squadId: number; count: number; }[]'. Do you need to change your target library? Try changing the 'lib' compiler option to 'es2015' or later.
src/ResourceVillageUI.tsx(5645,42): error TS2550: Property 'find' does not exist on type 'Banner[]'. Do you need to change your target library? Try changing the 'lib' compiler option to 'es2015' or later.
src/ResourceVillageUI.tsx(5664,30): error TS2550: Property 'find' does not exist on type 'Commander[]'. Do you need to change your target library? Try changing the 'lib' compiler option to 'es2015' or later.
src/ResourceVillageUI.tsx(5678,40): error TS2550: Property 'find' does not exist on type 'XPLevelInfo[]'. Do you need to change your target library? Try changing the 'lib' compiler option to 'es2015' or later.
src/ResourceVillageUI.tsx(5737,40): error TS2550: Property 'find' does not exist on type 'XPLevelInfo[]'. Do you need to change your target library? Try changing the 'lib' compiler option to 'es2015' or later.
src/ResourceVillageUI.tsx(5761,30): error TS2550: Property 'includes' does not exist on type 'number[]'. Do you need to change your target library? Try changing the 'lib' compiler option to 'es2016' or later.
src/ResourceVillageUI.tsx(5787,26): error TS2550: Property 'includes' does not exist on type 'number[]'. Do you need to change your target library? Try changing the 'lib' compiler option to 'es2016' or later.
src/ResourceVillageUI.tsx(5818,40): error TS2345: Argument of type '(Mission | { status: string; elapsed: number; deployed: any[]; battleResult: BattleResult; bannerXP: { bannerId: number; bannerName: string; xpGained: number; oldXP: number; ... 6 more ...; xpNextLevel: number; }; ... 10 more ...; isNew?: boolean; })[]' is not assignable to parameter of type 'SetStateAction<Mission[]>'.
  Type '(Mission | { status: string; elapsed: number; deployed: any[]; battleResult: BattleResult; bannerXP: { bannerId: number; bannerName: string; xpGained: number; oldXP: number; ... 6 more ...; xpNextLevel: number; }; ... 10 more ...; isNew?: boolean; })[]' is not assignable to type 'Mission[]'.
    Type 'Mission | { status: string; elapsed: number; deployed: any[]; battleResult: BattleResult; bannerXP: { bannerId: number; bannerName: string; xpGained: number; oldXP: number; ... 6 more ...; xpNextLevel: number; }; ... 10 more ...; isNew?: boolean; }' is not assignable to type 'Mission'.
      Type '{ status: string; elapsed: number; deployed: any[]; battleResult: BattleResult; bannerXP: { bannerId: number; bannerName: string; xpGained: number; oldXP: number; newXP: number; ... 5 more ...; xpNextLevel: number; }; ... 10 more ...; isNew?: boolean; }' is not assignable to type 'Mission'.
        Types of property 'status' are incompatible.
          Type 'string' is not assignable to type '"running" | "available" | "completedRewardsPending" | "completedRewardsClaimed" | "archived"'.
src/ResourceVillageUI.tsx(5860,40): error TS2550: Property 'find' does not exist on type 'Banner[]'. Do you need to change your target library? Try changing the 'lib' compiler option to 'es2015' or later.
src/ResourceVillageUI.tsx(5999,46): error TS2550: Property 'find' does not exist on type 'BannerTemplate[]'. Do you need to change your target library? Try changing the 'lib' compiler option to 'es2015' or later.
src/ResourceVillageUI.tsx(6337,7): error TS17004: Cannot use JSX unless the '--jsx' flag is provided.
src/ResourceVillageUI.tsx(6338,9): error TS17004: Cannot use JSX unless the '--jsx' flag is provided.
src/ResourceVillageUI.tsx(6340,11): error TS17004: Cannot use JSX unless the '--jsx' flag is provided.
src/ResourceVillageUI.tsx(6341,13): error TS17004: Cannot use JSX unless the '--jsx' flag is provided.
src/ResourceVillageUI.tsx(6351,12): error TS17004: Cannot use JSX unless the '--jsx' flag is provided.
src/ResourceVillageUI.tsx(6428,7): error TS17004: Cannot use JSX unless the '--jsx' flag is provided.
src/ResourceVillageUI.tsx(6430,9): error TS17004: Cannot use JSX unless the '--jsx' flag is provided.
src/ResourceVillageUI.tsx(6431,11): error TS17004: Cannot use JSX unless the '--jsx' flag is provided.
src/ResourceVillageUI.tsx(6434,9): error TS17004: Cannot use JSX unless the '--jsx' flag is provided.
src/ResourceVillageUI.tsx(6436,11): error TS17004: Cannot use JSX unless the '--jsx' flag is provided.
src/ResourceVillageUI.tsx(6437,13): error TS17004: Cannot use JSX unless the '--jsx' flag is provided.
src/ResourceVillageUI.tsx(6439,15): error TS17004: Cannot use JSX unless the '--jsx' flag is provided.
src/ResourceVillageUI.tsx(6445,11): error TS17004: Cannot use JSX unless the '--jsx' flag is provided.
src/ResourceVillageUI.tsx(6448,15): error TS17004: Cannot use JSX unless the '--jsx' flag is provided.
src/ResourceVillageUI.tsx(6455,15): error TS17004: Cannot use JSX unless the '--jsx' flag is provided.
src/ResourceVillageUI.tsx(6462,15): error TS17004: Cannot use JSX unless the '--jsx' flag is provided.
src/ResourceVillageUI.tsx(6469,15): error TS17004: Cannot use JSX unless the '--jsx' flag is provided.
src/ResourceVillageUI.tsx(6476,15): error TS17004: Cannot use JSX unless the '--jsx' flag is provided.
src/ResourceVillageUI.tsx(6503,7): error TS17004: Cannot use JSX unless the '--jsx' flag is provided.
src/ResourceVillageUI.tsx(6510,9): error TS17004: Cannot use JSX unless the '--jsx' flag is provided.
src/ResourceVillageUI.tsx(6513,9): error TS17004: Cannot use JSX unless the '--jsx' flag is provided.
src/ResourceVillageUI.tsx(6514,11): error TS17004: Cannot use JSX unless the '--jsx' flag is provided.
src/ResourceVillageUI.tsx(6521,9): error TS17004: Cannot use JSX unless the '--jsx' flag is provided.
src/ResourceVillageUI.tsx(6523,11): error TS17004: Cannot use JSX unless the '--jsx' flag is provided.
src/ResourceVillageUI.tsx(6530,11): error TS17004: Cannot use JSX unless the '--jsx' flag is provided.
src/ResourceVillageUI.tsx(6534,13): error TS17004: Cannot use JSX unless the '--jsx' flag is provided.
src/ResourceVillageUI.tsx(6545,66): error TS2550: Property 'includes' does not exist on type 'string[]'. Do you need to change your target library? Try changing the 'lib' compiler option to 'es2016' or later.
src/ResourceVillageUI.tsx(6556,71): error TS2550: Property 'includes' does not exist on type 'string[]'. Do you need to change your target library? Try changing the 'lib' compiler option to 'es2016' or later.
src/ResourceVillageUI.tsx(6563,9): error TS17004: Cannot use JSX unless the '--jsx' flag is provided.
src/ResourceVillageUI.tsx(6569,11): error TS17004: Cannot use JSX unless the '--jsx' flag is provided.
src/ResourceVillageUI.tsx(6573,13): error TS17004: Cannot use JSX unless the '--jsx' flag is provided.
src/ResourceVillageUI.tsx(6574,15): error TS17004: Cannot use JSX unless the '--jsx' flag is provided.
src/ResourceVillageUI.tsx(6582,11): error TS17004: Cannot use JSX unless the '--jsx' flag is provided.
src/ResourceVillageUI.tsx(6584,13): error TS17004: Cannot use JSX unless the '--jsx' flag is provided.
src/ResourceVillageUI.tsx(6586,13): error TS17004: Cannot use JSX unless the '--jsx' flag is provided.
src/ResourceVillageUI.tsx(6590,15): error TS17004: Cannot use JSX unless the '--jsx' flag is provided.
src/ResourceVillageUI.tsx(6595,15): error TS17004: Cannot use JSX unless the '--jsx' flag is provided.
src/ResourceVillageUI.tsx(6595,79): error TS2550: Property 'includes' does not exist on type 'string'. Do you need to change your target library? Try changing the 'lib' compiler option to 'es2015' or later.
src/ResourceVillageUI.tsx(6595,118): error TS2550: Property 'includes' does not exist on type 'string'. Do you need to change your target library? Try changing the 'lib' compiler option to 'es2015' or later.
src/ResourceVillageUI.tsx(6600,15): error TS17004: Cannot use JSX unless the '--jsx' flag is provided.
src/ResourceVillageUI.tsx(6611,7): error TS17004: Cannot use JSX unless the '--jsx' flag is provided.
src/ResourceVillageUI.tsx(6613,9): error TS17004: Cannot use JSX unless the '--jsx' flag is provided.
src/ResourceVillageUI.tsx(6614,11): error TS17004: Cannot use JSX unless the '--jsx' flag is provided.
src/ResourceVillageUI.tsx(6617,9): error TS17004: Cannot use JSX unless the '--jsx' flag is provided.
src/ResourceVillageUI.tsx(6619,11): error TS17004: Cannot use JSX unless the '--jsx' flag is provided.
src/ResourceVillageUI.tsx(6620,13): error TS17004: Cannot use JSX unless the '--jsx' flag is provided.
src/ResourceVillageUI.tsx(6624,15): error TS17004: Cannot use JSX unless the '--jsx' flag is provided.
src/ResourceVillageUI.tsx(6624,79): error TS2550: Property 'includes' does not exist on type 'string'. Do you need to change your target library? Try changing the 'lib' compiler option to 'es2015' or later.
src/ResourceVillageUI.tsx(6624,118): error TS2550: Property 'includes' does not exist on type 'string'. Do you need to change your target library? Try changing the 'lib' compiler option to 'es2015' or later.
src/ResourceVillageUI.tsx(6629,15): error TS17004: Cannot use JSX unless the '--jsx' flag is provided.
src/ResourceVillageUI.tsx(6642,7): error TS17004: Cannot use JSX unless the '--jsx' flag is provided.
src/ResourceVillageUI.tsx(6648,9): error TS17004: Cannot use JSX unless the '--jsx' flag is provided.
src/ResourceVillageUI.tsx(6655,11): error TS17004: Cannot use JSX unless the '--jsx' flag is provided.
src/ResourceVillageUI.tsx(6661,11): error TS17004: Cannot use JSX unless the '--jsx' flag is provided.
src/ResourceVillageUI.tsx(6675,7): error TS17004: Cannot use JSX unless the '--jsx' flag is provided.
src/ResourceVillageUI.tsx(6683,11): error TS17004: Cannot use JSX unless the '--jsx' flag is provided.
src/ResourceVillageUI.tsx(6690,13): error TS17004: Cannot use JSX unless the '--jsx' flag is provided.
src/ResourceVillageUI.tsx(6699,11): error TS17004: Cannot use JSX unless the '--jsx' flag is provided.
src/ResourceVillageUI.tsx(6706,13): error TS17004: Cannot use JSX unless the '--jsx' flag is provided.
src/ResourceVillageUI.tsx(6756,7): error TS17004: Cannot use JSX unless the '--jsx' flag is provided.
src/ResourceVillageUI.tsx(6758,9): error TS17004: Cannot use JSX unless the '--jsx' flag is provided.
src/ResourceVillageUI.tsx(6759,11): error TS17004: Cannot use JSX unless the '--jsx' flag is provided.
src/ResourceVillageUI.tsx(6762,9): error TS17004: Cannot use JSX unless the '--jsx' flag is provided.
src/ResourceVillageUI.tsx(6763,11): error TS17004: Cannot use JSX unless the '--jsx' flag is provided.
src/ResourceVillageUI.tsx(6764,11): error TS17004: Cannot use JSX unless the '--jsx' flag is provided.
src/ResourceVillageUI.tsx(6767,9): error TS17004: Cannot use JSX unless the '--jsx' flag is provided.
src/ResourceVillageUI.tsx(6768,11): error TS17004: Cannot use JSX unless the '--jsx' flag is provided.
src/ResourceVillageUI.tsx(6779,11): error TS17004: Cannot use JSX unless the '--jsx' flag is provided.
src/ResourceVillageUI.tsx(6864,7): error TS17004: Cannot use JSX unless the '--jsx' flag is provided.
src/ResourceVillageUI.tsx(6865,9): error TS17004: Cannot use JSX unless the '--jsx' flag is provided.
src/ResourceVillageUI.tsx(6867,11): error TS17004: Cannot use JSX unless the '--jsx' flag is provided.
src/ResourceVillageUI.tsx(6869,15): error TS17004: Cannot use JSX unless the '--jsx' flag is provided.
src/ResourceVillageUI.tsx(6871,15): error TS17004: Cannot use JSX unless the '--jsx' flag is provided.
src/ResourceVillageUI.tsx(6875,11): error TS17004: Cannot use JSX unless the '--jsx' flag is provided.
src/ResourceVillageUI.tsx(6877,13): error TS17004: Cannot use JSX unless the '--jsx' flag is provided.
src/ResourceVillageUI.tsx(6880,17): error TS17004: Cannot use JSX unless the '--jsx' flag is provided.
src/ResourceVillageUI.tsx(6887,19): error TS17004: Cannot use JSX unless the '--jsx' flag is provided.
src/ResourceVillageUI.tsx(6895,21): error TS17004: Cannot use JSX unless the '--jsx' flag is provided.
src/ResourceVillageUI.tsx(6896,21): error TS17004: Cannot use JSX unless the '--jsx' flag is provided.
src/ResourceVillageUI.tsx(6900,17): error TS17004: Cannot use JSX unless the '--jsx' flag is provided.
src/ResourceVillageUI.tsx(6907,19): error TS17004: Cannot use JSX unless the '--jsx' flag is provided.
src/ResourceVillageUI.tsx(6913,21): error TS17004: Cannot use JSX unless the '--jsx' flag is provided.
src/ResourceVillageUI.tsx(6918,15): error TS17004: Cannot use JSX unless the '--jsx' flag is provided.
src/ResourceVillageUI.tsx(6920,15): error TS17004: Cannot use JSX unless the '--jsx' flag is provided.
src/ResourceVillageUI.tsx(6922,15): error TS17004: Cannot use JSX unless the '--jsx' flag is provided.
src/ResourceVillageUI.tsx(6924,15): error TS17004: Cannot use JSX unless the '--jsx' flag is provided.
src/ResourceVillageUI.tsx(6926,17): error TS17004: Cannot use JSX unless the '--jsx' flag is provided.
src/ResourceVillageUI.tsx(6932,13): error TS17004: Cannot use JSX unless the '--jsx' flag is provided.
src/ResourceVillageUI.tsx(6934,15): error TS17004: Cannot use JSX unless the '--jsx' flag is provided.
src/ResourceVillageUI.tsx(6935,17): error TS17004: Cannot use JSX unless the '--jsx' flag is provided.
src/ResourceVillageUI.tsx(6937,19): error TS17004: Cannot use JSX unless the '--jsx' flag is provided.
src/ResourceVillageUI.tsx(6939,23): error TS17004: Cannot use JSX unless the '--jsx' flag is provided.
src/ResourceVillageUI.tsx(6940,25): error TS17004: Cannot use JSX unless the '--jsx' flag is provided.
src/ResourceVillageUI.tsx(6945,25): error TS17004: Cannot use JSX unless the '--jsx' flag is provided.
src/ResourceVillageUI.tsx(6951,23): error TS17004: Cannot use JSX unless the '--jsx' flag is provided.
src/ResourceVillageUI.tsx(6952,25): error TS17004: Cannot use JSX unless the '--jsx' flag is provided.
src/ResourceVillageUI.tsx(6957,25): error TS17004: Cannot use JSX unless the '--jsx' flag is provided.
src/ResourceVillageUI.tsx(6965,19): error TS17004: Cannot use JSX unless the '--jsx' flag is provided.
src/ResourceVillageUI.tsx(6974,21): error TS17004: Cannot use JSX unless the '--jsx' flag is provided.
src/ResourceVillageUI.tsx(6982,23): error TS17004: Cannot use JSX unless the '--jsx' flag is provided.
src/ResourceVillageUI.tsx(6989,15): error TS17004: Cannot use JSX unless the '--jsx' flag is provided.
src/ResourceVillageUI.tsx(6990,17): error TS17004: Cannot use JSX unless the '--jsx' flag is provided.
src/ResourceVillageUI.tsx(6991,19): error TS17004: Cannot use JSX unless the '--jsx' flag is provided.
src/ResourceVillageUI.tsx(6996,15): error TS17004: Cannot use JSX unless the '--jsx' flag is provided.
src/ResourceVillageUI.tsx(6997,17): error TS17004: Cannot use JSX unless the '--jsx' flag is provided.
src/ResourceVillageUI.tsx(7003,19): error TS17004: Cannot use JSX unless the '--jsx' flag is provided.
src/ResourceVillageUI.tsx(7004,29): error TS17004: Cannot use JSX unless the '--jsx' flag is provided.
src/ResourceVillageUI.tsx(7024,7): error TS17004: Cannot use JSX unless the '--jsx' flag is provided.
src/ResourceVillageUI.tsx(7025,9): error TS17004: Cannot use JSX unless the '--jsx' flag is provided.
src/ResourceVillageUI.tsx(7027,11): error TS17004: Cannot use JSX unless the '--jsx' flag is provided.
src/ResourceVillageUI.tsx(7028,13): error TS17004: Cannot use JSX unless the '--jsx' flag is provided.
src/ResourceVillageUI.tsx(7031,11): error TS17004: Cannot use JSX unless the '--jsx' flag is provided.
src/ResourceVillageUI.tsx(7033,13): error TS17004: Cannot use JSX unless the '--jsx' flag is provided.
src/ResourceVillageUI.tsx(7035,15): error TS17004: Cannot use JSX unless the '--jsx' flag is provided.
src/ResourceVillageUI.tsx(7037,15): error TS17004: Cannot use JSX unless the '--jsx' flag is provided.
src/ResourceVillageUI.tsx(7039,15): error TS17004: Cannot use JSX unless the '--jsx' flag is provided.
src/ResourceVillageUI.tsx(7040,15): error TS17004: Cannot use JSX unless the '--jsx' flag is provided.
src/ResourceVillageUI.tsx(7043,13): error TS17004: Cannot use JSX unless the '--jsx' flag is provided.
src/ResourceVillageUI.tsx(7045,15): error TS17004: Cannot use JSX unless the '--jsx' flag is provided.
src/ResourceVillageUI.tsx(7047,17): error TS17004: Cannot use JSX unless the '--jsx' flag is provided.
src/ResourceVillageUI.tsx(7049,21): error TS17004: Cannot use JSX unless the '--jsx' flag is provided.
src/ResourceVillageUI.tsx(7050,23): error TS17004: Cannot use JSX unless the '--jsx' flag is provided.
src/ResourceVillageUI.tsx(7055,23): error TS17004: Cannot use JSX unless the '--jsx' flag is provided.
src/ResourceVillageUI.tsx(7061,21): error TS17004: Cannot use JSX unless the '--jsx' flag is provided.
src/ResourceVillageUI.tsx(7062,23): error TS17004: Cannot use JSX unless the '--jsx' flag is provided.
src/ResourceVillageUI.tsx(7067,23): error TS17004: Cannot use JSX unless the '--jsx' flag is provided.
src/ResourceVillageUI.tsx(7075,17): error TS17004: Cannot use JSX unless the '--jsx' flag is provided.
src/ResourceVillageUI.tsx(7084,19): error TS17004: Cannot use JSX unless the '--jsx' flag is provided.
src/ResourceVillageUI.tsx(7092,21): error TS17004: Cannot use JSX unless the '--jsx' flag is provided.
src/ResourceVillageUI.tsx(7113,7): error TS17004: Cannot use JSX unless the '--jsx' flag is provided.
src/ResourceVillageUI.tsx(7114,9): error TS17004: Cannot use JSX unless the '--jsx' flag is provided.
src/ResourceVillageUI.tsx(7116,11): error TS17004: Cannot use JSX unless the '--jsx' flag is provided.
src/ResourceVillageUI.tsx(7117,13): error TS17004: Cannot use JSX unless the '--jsx' flag is provided.
src/ResourceVillageUI.tsx(7120,11): error TS17004: Cannot use JSX unless the '--jsx' flag is provided.
src/ResourceVillageUI.tsx(7122,13): error TS17004: Cannot use JSX unless the '--jsx' flag is provided.
src/ResourceVillageUI.tsx(7124,15): error TS17004: Cannot use JSX unless the '--jsx' flag is provided.
src/ResourceVillageUI.tsx(7126,15): error TS17004: Cannot use JSX unless the '--jsx' flag is provided.
src/ResourceVillageUI.tsx(7128,15): error TS17004: Cannot use JSX unless the '--jsx' flag is provided.
src/ResourceVillageUI.tsx(7129,15): error TS17004: Cannot use JSX unless the '--jsx' flag is provided.
src/ResourceVillageUI.tsx(7133,15): error TS17004: Cannot use JSX unless the '--jsx' flag is provided.
src/ResourceVillageUI.tsx(7140,15): error TS17004: Cannot use JSX unless the '--jsx' flag is provided.
src/ResourceVillageUI.tsx(7142,17): error TS17004: Cannot use JSX unless the '--jsx' flag is provided.
src/ResourceVillageUI.tsx(7144,19): error TS17004: Cannot use JSX unless the '--jsx' flag is provided.
src/ResourceVillageUI.tsx(7146,23): error TS17004: Cannot use JSX unless the '--jsx' flag is provided.
src/ResourceVillageUI.tsx(7147,25): error TS17004: Cannot use JSX unless the '--jsx' flag is provided.
src/ResourceVillageUI.tsx(7152,25): error TS17004: Cannot use JSX unless the '--jsx' flag is provided.
src/ResourceVillageUI.tsx(7158,23): error TS17004: Cannot use JSX unless the '--jsx' flag is provided.
src/ResourceVillageUI.tsx(7159,25): error TS17004: Cannot use JSX unless the '--jsx' flag is provided.
src/ResourceVillageUI.tsx(7164,25): error TS17004: Cannot use JSX unless the '--jsx' flag is provided.
src/ResourceVillageUI.tsx(7172,19): error TS17004: Cannot use JSX unless the '--jsx' flag is provided.
src/ResourceVillageUI.tsx(7181,21): error TS17004: Cannot use JSX unless the '--jsx' flag is provided.
src/ResourceVillageUI.tsx(7189,23): error TS17004: Cannot use JSX unless the '--jsx' flag is provided.
src/ResourceVillageUI.tsx(7211,9): error TS17004: Cannot use JSX unless the '--jsx' flag is provided.
src/ResourceVillageUI.tsx(7212,11): error TS17004: Cannot use JSX unless the '--jsx' flag is provided.
src/ResourceVillageUI.tsx(7214,13): error TS17004: Cannot use JSX unless the '--jsx' flag is provided.
src/ResourceVillageUI.tsx(7215,15): error TS17004: Cannot use JSX unless the '--jsx' flag is provided.
src/ResourceVillageUI.tsx(7218,13): error TS17004: Cannot use JSX unless the '--jsx' flag is provided.
src/ResourceVillageUI.tsx(7220,15): error TS17004: Cannot use JSX unless the '--jsx' flag is provided.
src/ResourceVillageUI.tsx(7222,17): error TS17004: Cannot use JSX unless the '--jsx' flag is provided.
src/ResourceVillageUI.tsx(7225,19): error TS17004: Cannot use JSX unless the '--jsx' flag is provided.
src/ResourceVillageUI.tsx(7230,17): error TS17004: Cannot use JSX unless the '--jsx' flag is provided.
src/ResourceVillageUI.tsx(7232,19): error TS17004: Cannot use JSX unless the '--jsx' flag is provided.
src/ResourceVillageUI.tsx(7234,21): error TS17004: Cannot use JSX unless the '--jsx' flag is provided.
src/ResourceVillageUI.tsx(7236,25): error TS17004: Cannot use JSX unless the '--jsx' flag is provided.
src/ResourceVillageUI.tsx(7237,27): error TS17004: Cannot use JSX unless the '--jsx' flag is provided.
src/ResourceVillageUI.tsx(7242,27): error TS17004: Cannot use JSX unless the '--jsx' flag is provided.
src/ResourceVillageUI.tsx(7248,25): error TS17004: Cannot use JSX unless the '--jsx' flag is provided.
src/ResourceVillageUI.tsx(7249,27): error TS17004: Cannot use JSX unless the '--jsx' flag is provided.
src/ResourceVillageUI.tsx(7254,27): error TS17004: Cannot use JSX unless the '--jsx' flag is provided.
src/ResourceVillageUI.tsx(7262,21): error TS17004: Cannot use JSX unless the '--jsx' flag is provided.
src/ResourceVillageUI.tsx(7271,23): error TS17004: Cannot use JSX unless the '--jsx' flag is provided.
src/ResourceVillageUI.tsx(7279,25): error TS17004: Cannot use JSX unless the '--jsx' flag is provided.
src/ResourceVillageUI.tsx(7299,7): error TS17004: Cannot use JSX unless the '--jsx' flag is provided.
src/ResourceVillageUI.tsx(7300,9): error TS17004: Cannot use JSX unless the '--jsx' flag is provided.
src/ResourceVillageUI.tsx(7302,11): error TS17004: Cannot use JSX unless the '--jsx' flag is provided.
src/ResourceVillageUI.tsx(7303,13): error TS17004: Cannot use JSX unless the '--jsx' flag is provided.
src/ResourceVillageUI.tsx(7306,11): error TS17004: Cannot use JSX unless the '--jsx' flag is provided.
src/ResourceVillageUI.tsx(7308,13): error TS17004: Cannot use JSX unless the '--jsx' flag is provided.
src/ResourceVillageUI.tsx(7310,15): error TS17004: Cannot use JSX unless the '--jsx' flag is provided.
src/ResourceVillageUI.tsx(7312,15): error TS17004: Cannot use JSX unless the '--jsx' flag is provided.
src/ResourceVillageUI.tsx(7314,15): error TS17004: Cannot use JSX unless the '--jsx' flag is provided.
src/ResourceVillageUI.tsx(7315,15): error TS17004: Cannot use JSX unless the '--jsx' flag is provided.
src/ResourceVillageUI.tsx(7319,15): error TS17004: Cannot use JSX unless the '--jsx' flag is provided.
src/ResourceVillageUI.tsx(7321,17): error TS17004: Cannot use JSX unless the '--jsx' flag is provided.
src/ResourceVillageUI.tsx(7323,19): error TS17004: Cannot use JSX unless the '--jsx' flag is provided.
src/ResourceVillageUI.tsx(7325,23): error TS17004: Cannot use JSX unless the '--jsx' flag is provided.
src/ResourceVillageUI.tsx(7326,25): error TS17004: Cannot use JSX unless the '--jsx' flag is provided.
src/ResourceVillageUI.tsx(7331,25): error TS17004: Cannot use JSX unless the '--jsx' flag is provided.
src/ResourceVillageUI.tsx(7337,23): error TS17004: Cannot use JSX unless the '--jsx' flag is provided.
src/ResourceVillageUI.tsx(7338,25): error TS17004: Cannot use JSX unless the '--jsx' flag is provided.
src/ResourceVillageUI.tsx(7343,25): error TS17004: Cannot use JSX unless the '--jsx' flag is provided.
src/ResourceVillageUI.tsx(7351,19): error TS17004: Cannot use JSX unless the '--jsx' flag is provided.
src/ResourceVillageUI.tsx(7360,21): error TS17004: Cannot use JSX unless the '--jsx' flag is provided.
src/ResourceVillageUI.tsx(7368,23): error TS17004: Cannot use JSX unless the '--jsx' flag is provided.
src/ResourceVillageUI.tsx(7390,9): error TS17004: Cannot use JSX unless the '--jsx' flag is provided.
src/ResourceVillageUI.tsx(7391,11): error TS17004: Cannot use JSX unless the '--jsx' flag is provided.
src/ResourceVillageUI.tsx(7393,13): error TS17004: Cannot use JSX unless the '--jsx' flag is provided.
src/ResourceVillageUI.tsx(7394,15): error TS17004: Cannot use JSX unless the '--jsx' flag is provided.
src/ResourceVillageUI.tsx(7397,13): error TS17004: Cannot use JSX unless the '--jsx' flag is provided.
src/ResourceVillageUI.tsx(7399,15): error TS17004: Cannot use JSX unless the '--jsx' flag is provided.
src/ResourceVillageUI.tsx(7401,17): error TS17004: Cannot use JSX unless the '--jsx' flag is provided.
src/ResourceVillageUI.tsx(7404,19): error TS17004: Cannot use JSX unless the '--jsx' flag is provided.
src/ResourceVillageUI.tsx(7409,17): error TS17004: Cannot use JSX unless the '--jsx' flag is provided.
src/ResourceVillageUI.tsx(7411,19): error TS17004: Cannot use JSX unless the '--jsx' flag is provided.
src/ResourceVillageUI.tsx(7413,21): error TS17004: Cannot use JSX unless the '--jsx' flag is provided.
src/ResourceVillageUI.tsx(7415,25): error TS17004: Cannot use JSX unless the '--jsx' flag is provided.
src/ResourceVillageUI.tsx(7416,27): error TS17004: Cannot use JSX unless the '--jsx' flag is provided.
src/ResourceVillageUI.tsx(7421,27): error TS17004: Cannot use JSX unless the '--jsx' flag is provided.
src/ResourceVillageUI.tsx(7427,25): error TS17004: Cannot use JSX unless the '--jsx' flag is provided.
src/ResourceVillageUI.tsx(7428,27): error TS17004: Cannot use JSX unless the '--jsx' flag is provided.
src/ResourceVillageUI.tsx(7433,27): error TS17004: Cannot use JSX unless the '--jsx' flag is provided.
src/ResourceVillageUI.tsx(7441,21): error TS17004: Cannot use JSX unless the '--jsx' flag is provided.
src/ResourceVillageUI.tsx(7450,23): error TS17004: Cannot use JSX unless the '--jsx' flag is provided.
src/ResourceVillageUI.tsx(7458,25): error TS17004: Cannot use JSX unless the '--jsx' flag is provided.
src/ResourceVillageUI.tsx(7480,7): error TS17004: Cannot use JSX unless the '--jsx' flag is provided.
src/ResourceVillageUI.tsx(7481,9): error TS17004: Cannot use JSX unless the '--jsx' flag is provided.
src/ResourceVillageUI.tsx(7483,11): error TS17004: Cannot use JSX unless the '--jsx' flag is provided.
src/ResourceVillageUI.tsx(7484,13): error TS17004: Cannot use JSX unless the '--jsx' flag is provided.
src/ResourceVillageUI.tsx(7486,11): error TS17004: Cannot use JSX unless the '--jsx' flag is provided.
src/ResourceVillageUI.tsx(7487,13): error TS17004: Cannot use JSX unless the '--jsx' flag is provided.
src/ResourceVillageUI.tsx(7488,15): error TS17004: Cannot use JSX unless the '--jsx' flag is provided.
src/ResourceVillageUI.tsx(7489,15): error TS17004: Cannot use JSX unless the '--jsx' flag is provided.
src/ResourceVillageUI.tsx(7490,15): error TS17004: Cannot use JSX unless the '--jsx' flag is provided.
src/ResourceVillageUI.tsx(7494,15): error TS17004: Cannot use JSX unless the '--jsx' flag is provided.
src/ResourceVillageUI.tsx(7496,17): error TS17004: Cannot use JSX unless the '--jsx' flag is provided.
src/ResourceVillageUI.tsx(7498,19): error TS17004: Cannot use JSX unless the '--jsx' flag is provided.
src/ResourceVillageUI.tsx(7500,23): error TS17004: Cannot use JSX unless the '--jsx' flag is provided.
src/ResourceVillageUI.tsx(7501,25): error TS17004: Cannot use JSX unless the '--jsx' flag is provided.
src/ResourceVillageUI.tsx(7506,25): error TS17004: Cannot use JSX unless the '--jsx' flag is provided.
src/ResourceVillageUI.tsx(7512,23): error TS17004: Cannot use JSX unless the '--jsx' flag is provided.
src/ResourceVillageUI.tsx(7513,25): error TS17004: Cannot use JSX unless the '--jsx' flag is provided.
src/ResourceVillageUI.tsx(7518,25): error TS17004: Cannot use JSX unless the '--jsx' flag is provided.
src/ResourceVillageUI.tsx(7526,19): error TS17004: Cannot use JSX unless the '--jsx' flag is provided.
src/ResourceVillageUI.tsx(7535,21): error TS17004: Cannot use JSX unless the '--jsx' flag is provided.
src/ResourceVillageUI.tsx(7543,23): error TS17004: Cannot use JSX unless the '--jsx' flag is provided.
src/ResourceVillageUI.tsx(7564,9): error TS17004: Cannot use JSX unless the '--jsx' flag is provided.
src/ResourceVillageUI.tsx(7565,11): error TS17004: Cannot use JSX unless the '--jsx' flag is provided.
src/ResourceVillageUI.tsx(7567,13): error TS17004: Cannot use JSX unless the '--jsx' flag is provided.
src/ResourceVillageUI.tsx(7568,15): error TS17004: Cannot use JSX unless the '--jsx' flag is provided.
src/ResourceVillageUI.tsx(7571,13): error TS17004: Cannot use JSX unless the '--jsx' flag is provided.
src/ResourceVillageUI.tsx(7573,15): error TS17004: Cannot use JSX unless the '--jsx' flag is provided.
src/ResourceVillageUI.tsx(7575,17): error TS17004: Cannot use JSX unless the '--jsx' flag is provided.
src/ResourceVillageUI.tsx(7578,19): error TS17004: Cannot use JSX unless the '--jsx' flag is provided.
src/ResourceVillageUI.tsx(7583,17): error TS17004: Cannot use JSX unless the '--jsx' flag is provided.
src/ResourceVillageUI.tsx(7585,19): error TS17004: Cannot use JSX unless the '--jsx' flag is provided.
src/ResourceVillageUI.tsx(7587,21): error TS17004: Cannot use JSX unless the '--jsx' flag is provided.
src/ResourceVillageUI.tsx(7589,25): error TS17004: Cannot use JSX unless the '--jsx' flag is provided.
src/ResourceVillageUI.tsx(7590,27): error TS17004: Cannot use JSX unless the '--jsx' flag is provided.
src/ResourceVillageUI.tsx(7595,27): error TS17004: Cannot use JSX unless the '--jsx' flag is provided.
src/ResourceVillageUI.tsx(7601,25): error TS17004: Cannot use JSX unless the '--jsx' flag is provided.
src/ResourceVillageUI.tsx(7602,27): error TS17004: Cannot use JSX unless the '--jsx' flag is provided.
src/ResourceVillageUI.tsx(7607,27): error TS17004: Cannot use JSX unless the '--jsx' flag is provided.
src/ResourceVillageUI.tsx(7615,21): error TS17004: Cannot use JSX unless the '--jsx' flag is provided.
src/ResourceVillageUI.tsx(7624,23): error TS17004: Cannot use JSX unless the '--jsx' flag is provided.
src/ResourceVillageUI.tsx(7632,25): error TS17004: Cannot use JSX unless the '--jsx' flag is provided.
src/ResourceVillageUI.tsx(7653,7): error TS17004: Cannot use JSX unless the '--jsx' flag is provided.
src/ResourceVillageUI.tsx(7654,9): error TS17004: Cannot use JSX unless the '--jsx' flag is provided.
src/ResourceVillageUI.tsx(7656,11): error TS17004: Cannot use JSX unless the '--jsx' flag is provided.
src/ResourceVillageUI.tsx(7657,13): error TS17004: Cannot use JSX unless the '--jsx' flag is provided.
src/ResourceVillageUI.tsx(7660,11): error TS17004: Cannot use JSX unless the '--jsx' flag is provided.
src/ResourceVillageUI.tsx(7662,13): error TS17004: Cannot use JSX unless the '--jsx' flag is provided.
src/ResourceVillageUI.tsx(7664,15): error TS17004: Cannot use JSX unless the '--jsx' flag is provided.
src/ResourceVillageUI.tsx(7666,15): error TS17004: Cannot use JSX unless the '--jsx' flag is provided.
src/ResourceVillageUI.tsx(7668,15): error TS17004: Cannot use JSX unless the '--jsx' flag is provided.
src/ResourceVillageUI.tsx(7670,17): error TS17004: Cannot use JSX unless the '--jsx' flag is provided.
src/ResourceVillageUI.tsx(7674,13): error TS17004: Cannot use JSX unless the '--jsx' flag is provided.
src/ResourceVillageUI.tsx(7678,13): error TS17004: Cannot use JSX unless the '--jsx' flag is provided.
src/ResourceVillageUI.tsx(7681,17): error TS17004: Cannot use JSX unless the '--jsx' flag is provided.
src/ResourceVillageUI.tsx(7682,19): error TS17004: Cannot use JSX unless the '--jsx' flag is provided.
src/ResourceVillageUI.tsx(7694,17): error TS17004: Cannot use JSX unless the '--jsx' flag is provided.
src/ResourceVillageUI.tsx(7696,19): error TS17004: Cannot use JSX unless the '--jsx' flag is provided.
src/ResourceVillageUI.tsx(7698,23): error TS17004: Cannot use JSX unless the '--jsx' flag is provided.
src/ResourceVillageUI.tsx(7699,25): error TS17004: Cannot use JSX unless the '--jsx' flag is provided.
src/ResourceVillageUI.tsx(7704,25): error TS17004: Cannot use JSX unless the '--jsx' flag is provided.
src/ResourceVillageUI.tsx(7710,23): error TS17004: Cannot use JSX unless the '--jsx' flag is provided.
src/ResourceVillageUI.tsx(7711,25): error TS17004: Cannot use JSX unless the '--jsx' flag is provided.
src/ResourceVillageUI.tsx(7716,25): error TS17004: Cannot use JSX unless the '--jsx' flag is provided.
src/ResourceVillageUI.tsx(7724,19): error TS17004: Cannot use JSX unless the '--jsx' flag is provided.
src/ResourceVillageUI.tsx(7733,21): error TS17004: Cannot use JSX unless the '--jsx' flag is provided.
src/ResourceVillageUI.tsx(7741,23): error TS17004: Cannot use JSX unless the '--jsx' flag is provided.
src/ResourceVillageUI.tsx(7756,7): error TS17004: Cannot use JSX unless the '--jsx' flag is provided.
src/ResourceVillageUI.tsx(7757,9): error TS17004: Cannot use JSX unless the '--jsx' flag is provided.
src/ResourceVillageUI.tsx(7759,11): error TS17004: Cannot use JSX unless the '--jsx' flag is provided.
src/ResourceVillageUI.tsx(7760,13): error TS17004: Cannot use JSX unless the '--jsx' flag is provided.
src/ResourceVillageUI.tsx(7763,11): error TS17004: Cannot use JSX unless the '--jsx' flag is provided.
src/ResourceVillageUI.tsx(7765,13): error TS17004: Cannot use JSX unless the '--jsx' flag is provided.
src/ResourceVillageUI.tsx(7767,15): error TS17004: Cannot use JSX unless the '--jsx' flag is provided.
src/ResourceVillageUI.tsx(7770,13): error TS17004: Cannot use JSX unless the '--jsx' flag is provided.
src/ResourceVillageUI.tsx(7812,7): error TS17004: Cannot use JSX unless the '--jsx' flag is provided.
src/ResourceVillageUI.tsx(7813,9): error TS17004: Cannot use JSX unless the '--jsx' flag is provided.
src/ResourceVillageUI.tsx(7815,11): error TS17004: Cannot use JSX unless the '--jsx' flag is provided.
src/ResourceVillageUI.tsx(7816,13): error TS17004: Cannot use JSX unless the '--jsx' flag is provided.
src/ResourceVillageUI.tsx(7819,11): error TS17004: Cannot use JSX unless the '--jsx' flag is provided.
src/ResourceVillageUI.tsx(7821,13): error TS17004: Cannot use JSX unless the '--jsx' flag is provided.
src/ResourceVillageUI.tsx(7823,15): error TS17004: Cannot use JSX unless the '--jsx' flag is provided.
src/ResourceVillageUI.tsx(7825,15): error TS17004: Cannot use JSX unless the '--jsx' flag is provided.
src/ResourceVillageUI.tsx(7827,15): error TS17004: Cannot use JSX unless the '--jsx' flag is provided.
src/ResourceVillageUI.tsx(7828,15): error TS17004: Cannot use JSX unless the '--jsx' flag is provided.
src/ResourceVillageUI.tsx(7831,13): error TS17004: Cannot use JSX unless the '--jsx' flag is provided.
src/ResourceVillageUI.tsx(7833,15): error TS17004: Cannot use JSX unless the '--jsx' flag is provided.
src/ResourceVillageUI.tsx(7834,17): error TS17004: Cannot use JSX unless the '--jsx' flag is provided.
src/ResourceVillageUI.tsx(7836,19): error TS17004: Cannot use JSX unless the '--jsx' flag is provided.
src/ResourceVillageUI.tsx(7838,23): error TS17004: Cannot use JSX unless the '--jsx' flag is provided.
src/ResourceVillageUI.tsx(7839,25): error TS17004: Cannot use JSX unless the '--jsx' flag is provided.
src/ResourceVillageUI.tsx(7844,25): error TS17004: Cannot use JSX unless the '--jsx' flag is provided.
src/ResourceVillageUI.tsx(7850,23): error TS17004: Cannot use JSX unless the '--jsx' flag is provided.
src/ResourceVillageUI.tsx(7851,25): error TS17004: Cannot use JSX unless the '--jsx' flag is provided.
src/ResourceVillageUI.tsx(7856,25): error TS17004: Cannot use JSX unless the '--jsx' flag is provided.
src/ResourceVillageUI.tsx(7864,19): error TS17004: Cannot use JSX unless the '--jsx' flag is provided.
src/ResourceVillageUI.tsx(7873,21): error TS17004: Cannot use JSX unless the '--jsx' flag is provided.
src/ResourceVillageUI.tsx(7881,23): error TS17004: Cannot use JSX unless the '--jsx' flag is provided.
src/ResourceVillageUI.tsx(7888,15): error TS17004: Cannot use JSX unless the '--jsx' flag is provided.
src/ResourceVillageUI.tsx(7889,17): error TS17004: Cannot use JSX unless the '--jsx' flag is provided.
src/ResourceVillageUI.tsx(7900,19): error TS17004: Cannot use JSX unless the '--jsx' flag is provided.
src/ResourceVillageUI.tsx(7974,5): error TS17004: Cannot use JSX unless the '--jsx' flag is provided.
src/ResourceVillageUI.tsx(7976,7): error TS17004: Cannot use JSX unless the '--jsx' flag is provided.
src/ResourceVillageUI.tsx(7987,7): error TS17004: Cannot use JSX unless the '--jsx' flag is provided.
src/ResourceVillageUI.tsx(7989,7): error TS17004: Cannot use JSX unless the '--jsx' flag is provided.
src/ResourceVillageUI.tsx(7991,9): error TS17004: Cannot use JSX unless the '--jsx' flag is provided.
src/ResourceVillageUI.tsx(7992,11): error TS17004: Cannot use JSX unless the '--jsx' flag is provided.
src/ResourceVillageUI.tsx(7993,13): error TS17004: Cannot use JSX unless the '--jsx' flag is provided.
src/ResourceVillageUI.tsx(7994,15): error TS17004: Cannot use JSX unless the '--jsx' flag is provided.
src/ResourceVillageUI.tsx(8032,19): error TS17004: Cannot use JSX unless the '--jsx' flag is provided.
src/ResourceVillageUI.tsx(8046,15): error TS17004: Cannot use JSX unless the '--jsx' flag is provided.
src/ResourceVillageUI.tsx(8047,15): error TS17004: Cannot use JSX unless the '--jsx' flag is provided.
src/ResourceVillageUI.tsx(8049,17): error TS17004: Cannot use JSX unless the '--jsx' flag is provided.
src/ResourceVillageUI.tsx(8050,19): error TS17004: Cannot use JSX unless the '--jsx' flag is provided.
src/ResourceVillageUI.tsx(8055,17): error TS17004: Cannot use JSX unless the '--jsx' flag is provided.
src/ResourceVillageUI.tsx(8060,15): error TS17004: Cannot use JSX unless the '--jsx' flag is provided.
src/ResourceVillageUI.tsx(8061,17): error TS17004: Cannot use JSX unless the '--jsx' flag is provided.
src/ResourceVillageUI.tsx(8062,17): error TS17004: Cannot use JSX unless the '--jsx' flag is provided.
src/ResourceVillageUI.tsx(8063,17): error TS17004: Cannot use JSX unless the '--jsx' flag is provided.
src/ResourceVillageUI.tsx(8064,17): error TS17004: Cannot use JSX unless the '--jsx' flag is provided.
src/ResourceVillageUI.tsx(8065,17): error TS17004: Cannot use JSX unless the '--jsx' flag is provided.
src/ResourceVillageUI.tsx(8069,15): error TS17004: Cannot use JSX unless the '--jsx' flag is provided.
src/ResourceVillageUI.tsx(8070,15): error TS17004: Cannot use JSX unless the '--jsx' flag is provided.
src/ResourceVillageUI.tsx(8071,15): error TS17004: Cannot use JSX unless the '--jsx' flag is provided.
src/ResourceVillageUI.tsx(8072,15): error TS17004: Cannot use JSX unless the '--jsx' flag is provided.
src/ResourceVillageUI.tsx(8080,15): error TS17004: Cannot use JSX unless the '--jsx' flag is provided.
src/ResourceVillageUI.tsx(8083,13): error TS17004: Cannot use JSX unless the '--jsx' flag is provided.
src/ResourceVillageUI.tsx(8089,11): error TS17004: Cannot use JSX unless the '--jsx' flag is provided.
src/ResourceVillageUI.tsx(8090,13): error TS17004: Cannot use JSX unless the '--jsx' flag is provided.
src/ResourceVillageUI.tsx(8091,15): error TS17004: Cannot use JSX unless the '--jsx' flag is provided.
src/ResourceVillageUI.tsx(8092,15): error TS17004: Cannot use JSX unless the '--jsx' flag is provided.
src/ResourceVillageUI.tsx(8100,13): error TS17004: Cannot use JSX unless the '--jsx' flag is provided.
src/ResourceVillageUI.tsx(8101,15): error TS17004: Cannot use JSX unless the '--jsx' flag is provided.
src/ResourceVillageUI.tsx(8107,15): error TS17004: Cannot use JSX unless the '--jsx' flag is provided.
src/ResourceVillageUI.tsx(8113,15): error TS17004: Cannot use JSX unless the '--jsx' flag is provided.
src/ResourceVillageUI.tsx(8119,15): error TS17004: Cannot use JSX unless the '--jsx' flag is provided.
src/ResourceVillageUI.tsx(8125,15): error TS17004: Cannot use JSX unless the '--jsx' flag is provided.
src/ResourceVillageUI.tsx(8131,15): error TS17004: Cannot use JSX unless the '--jsx' flag is provided.
src/ResourceVillageUI.tsx(8137,15): error TS17004: Cannot use JSX unless the '--jsx' flag is provided.
src/ResourceVillageUI.tsx(8146,15): error TS17004: Cannot use JSX unless the '--jsx' flag is provided.
src/ResourceVillageUI.tsx(8155,15): error TS17004: Cannot use JSX unless the '--jsx' flag is provided.
src/ResourceVillageUI.tsx(8166,15): error TS17004: Cannot use JSX unless the '--jsx' flag is provided.
src/ResourceVillageUI.tsx(8172,15): error TS17004: Cannot use JSX unless the '--jsx' flag is provided.
src/ResourceVillageUI.tsx(8181,13): error TS17004: Cannot use JSX unless the '--jsx' flag is provided.
src/ResourceVillageUI.tsx(8182,15): error TS17004: Cannot use JSX unless the '--jsx' flag is provided.
src/ResourceVillageUI.tsx(8183,15): error TS17004: Cannot use JSX unless the '--jsx' flag is provided.
src/ResourceVillageUI.tsx(8184,17): error TS17004: Cannot use JSX unless the '--jsx' flag is provided.
src/ResourceVillageUI.tsx(8190,52): error TS2550: Property 'find' does not exist on type 'Expedition[]'. Do you need to change your target library? Try changing the 'lib' compiler option to 'es2015' or later.
src/ResourceVillageUI.tsx(8210,17): error TS17004: Cannot use JSX unless the '--jsx' flag is provided.
src/ResourceVillageUI.tsx(8224,9): error TS17004: Cannot use JSX unless the '--jsx' flag is provided.
src/ResourceVillageUI.tsx(8226,11): error TS17004: Cannot use JSX unless the '--jsx' flag is provided.
src/ResourceVillageUI.tsx(8227,13): error TS17004: Cannot use JSX unless the '--jsx' flag is provided.
src/ResourceVillageUI.tsx(8234,13): error TS17004: Cannot use JSX unless the '--jsx' flag is provided.
src/ResourceVillageUI.tsx(8241,13): error TS17004: Cannot use JSX unless the '--jsx' flag is provided.
src/ResourceVillageUI.tsx(8257,13): error TS17004: Cannot use JSX unless the '--jsx' flag is provided.
src/ResourceVillageUI.tsx(8264,13): error TS17004: Cannot use JSX unless the '--jsx' flag is provided.
src/ResourceVillageUI.tsx(8271,13): error TS17004: Cannot use JSX unless the '--jsx' flag is provided.
src/ResourceVillageUI.tsx(8278,13): error TS17004: Cannot use JSX unless the '--jsx' flag is provided.
src/ResourceVillageUI.tsx(8285,13): error TS17004: Cannot use JSX unless the '--jsx' flag is provided.
src/ResourceVillageUI.tsx(8291,13): error TS17004: Cannot use JSX unless the '--jsx' flag is provided.
src/ResourceVillageUI.tsx(8300,11): error TS17004: Cannot use JSX unless the '--jsx' flag is provided.
src/ResourceVillageUI.tsx(8301,13): error TS17004: Cannot use JSX unless the '--jsx' flag is provided.
src/ResourceVillageUI.tsx(8302,15): error TS17004: Cannot use JSX unless the '--jsx' flag is provided.
src/ResourceVillageUI.tsx(8308,15): error TS17004: Cannot use JSX unless the '--jsx' flag is provided.
src/ResourceVillageUI.tsx(8314,15): error TS17004: Cannot use JSX unless the '--jsx' flag is provided.
src/ResourceVillageUI.tsx(8331,15): error TS17004: Cannot use JSX unless the '--jsx' flag is provided.
src/ResourceVillageUI.tsx(8337,15): error TS17004: Cannot use JSX unless the '--jsx' flag is provided.
src/ResourceVillageUI.tsx(8343,15): error TS17004: Cannot use JSX unless the '--jsx' flag is provided.
src/ResourceVillageUI.tsx(8349,15): error TS17004: Cannot use JSX unless the '--jsx' flag is provided.
src/ResourceVillageUI.tsx(8355,15): error TS17004: Cannot use JSX unless the '--jsx' flag is provided.
src/ResourceVillageUI.tsx(8361,15): error TS17004: Cannot use JSX unless the '--jsx' flag is provided.
src/ResourceVillageUI.tsx(8374,7): error TS17004: Cannot use JSX unless the '--jsx' flag is provided.
src/ResourceVillageUI.tsx(8378,9): error TS17004: Cannot use JSX unless the '--jsx' flag is provided.
src/ResourceVillageUI.tsx(8379,11): error TS17004: Cannot use JSX unless the '--jsx' flag is provided.
src/ResourceVillageUI.tsx(8380,13): error TS17004: Cannot use JSX unless the '--jsx' flag is provided.
src/ResourceVillageUI.tsx(8394,13): error TS17004: Cannot use JSX unless the '--jsx' flag is provided.
src/ResourceVillageUI.tsx(8408,13): error TS17004: Cannot use JSX unless the '--jsx' flag is provided.
src/ResourceVillageUI.tsx(8422,13): error TS17004: Cannot use JSX unless the '--jsx' flag is provided.
src/ResourceVillageUI.tsx(8436,13): error TS17004: Cannot use JSX unless the '--jsx' flag is provided.
src/ResourceVillageUI.tsx(8437,13): error TS17004: Cannot use JSX unless the '--jsx' flag is provided.
src/ResourceVillageUI.tsx(8438,13): error TS17004: Cannot use JSX unless the '--jsx' flag is provided.
src/ResourceVillageUI.tsx(8439,13): error TS17004: Cannot use JSX unless the '--jsx' flag is provided.
src/ResourceVillageUI.tsx(8440,13): error TS17004: Cannot use JSX unless the '--jsx' flag is provided.
src/ResourceVillageUI.tsx(8441,13): error TS17004: Cannot use JSX unless the '--jsx' flag is provided.
src/ResourceVillageUI.tsx(8447,9): error TS17004: Cannot use JSX unless the '--jsx' flag is provided.
src/ResourceVillageUI.tsx(8449,11): error TS17004: Cannot use JSX unless the '--jsx' flag is provided.
src/ResourceVillageUI.tsx(8450,13): error TS17004: Cannot use JSX unless the '--jsx' flag is provided.
src/ResourceVillageUI.tsx(8451,24): error TS17004: Cannot use JSX unless the '--jsx' flag is provided.
src/ResourceVillageUI.tsx(8453,13): error TS17004: Cannot use JSX unless the '--jsx' flag is provided.
src/ResourceVillageUI.tsx(8454,15): error TS17004: Cannot use JSX unless the '--jsx' flag is provided.
src/ResourceVillageUI.tsx(8455,15): error TS17004: Cannot use JSX unless the '--jsx' flag is provided.
src/ResourceVillageUI.tsx(8456,17): error TS17004: Cannot use JSX unless the '--jsx' flag is provided.
src/ResourceVillageUI.tsx(8457,17): error TS17004: Cannot use JSX unless the '--jsx' flag is provided.
src/ResourceVillageUI.tsx(8463,11): error TS17004: Cannot use JSX unless the '--jsx' flag is provided.
src/ResourceVillageUI.tsx(8464,13): error TS17004: Cannot use JSX unless the '--jsx' flag is provided.
src/ResourceVillageUI.tsx(8465,15): error TS17004: Cannot use JSX unless the '--jsx' flag is provided.
src/ResourceVillageUI.tsx(8472,17): error TS17004: Cannot use JSX unless the '--jsx' flag is provided.
src/ResourceVillageUI.tsx(8473,17): error TS17004: Cannot use JSX unless the '--jsx' flag is provided.
src/ResourceVillageUI.tsx(8476,15): error TS17004: Cannot use JSX unless the '--jsx' flag is provided.
src/ResourceVillageUI.tsx(8483,17): error TS17004: Cannot use JSX unless the '--jsx' flag is provided.
src/ResourceVillageUI.tsx(8484,17): error TS17004: Cannot use JSX unless the '--jsx' flag is provided.
src/ResourceVillageUI.tsx(8490,13): error TS17004: Cannot use JSX unless the '--jsx' flag is provided.
src/ResourceVillageUI.tsx(8491,15): error TS17004: Cannot use JSX unless the '--jsx' flag is provided.
src/ResourceVillageUI.tsx(8492,17): error TS17004: Cannot use JSX unless the '--jsx' flag is provided.
src/ResourceVillageUI.tsx(8494,15): error TS17004: Cannot use JSX unless the '--jsx' flag is provided.
src/ResourceVillageUI.tsx(8495,15): error TS17004: Cannot use JSX unless the '--jsx' flag is provided.
src/ResourceVillageUI.tsx(8496,15): error TS17004: Cannot use JSX unless the '--jsx' flag is provided.
src/ResourceVillageUI.tsx(8507,13): error TS17004: Cannot use JSX unless the '--jsx' flag is provided.
src/ResourceVillageUI.tsx(8508,15): error TS17004: Cannot use JSX unless the '--jsx' flag is provided.
src/ResourceVillageUI.tsx(8509,17): error TS17004: Cannot use JSX unless the '--jsx' flag is provided.
src/ResourceVillageUI.tsx(8510,17): error TS17004: Cannot use JSX unless the '--jsx' flag is provided.
src/ResourceVillageUI.tsx(8514,15): error TS17004: Cannot use JSX unless the '--jsx' flag is provided.
src/ResourceVillageUI.tsx(8526,21): error TS17004: Cannot use JSX unless the '--jsx' flag is provided.
src/ResourceVillageUI.tsx(8533,23): error TS17004: Cannot use JSX unless the '--jsx' flag is provided.
src/ResourceVillageUI.tsx(8535,25): error TS17004: Cannot use JSX unless the '--jsx' flag is provided.
src/ResourceVillageUI.tsx(8536,27): error TS17004: Cannot use JSX unless the '--jsx' flag is provided.
src/ResourceVillageUI.tsx(8537,27): error TS17004: Cannot use JSX unless the '--jsx' flag is provided.
src/ResourceVillageUI.tsx(8544,25): error TS17004: Cannot use JSX unless the '--jsx' flag is provided.
src/ResourceVillageUI.tsx(8545,27): error TS17004: Cannot use JSX unless the '--jsx' flag is provided.
src/ResourceVillageUI.tsx(8546,27): error TS17004: Cannot use JSX unless the '--jsx' flag is provided.
src/ResourceVillageUI.tsx(8547,29): error TS17004: Cannot use JSX unless the '--jsx' flag is provided.
src/ResourceVillageUI.tsx(8548,31): error TS17004: Cannot use JSX unless the '--jsx' flag is provided.
src/ResourceVillageUI.tsx(8551,29): error TS17004: Cannot use JSX unless the '--jsx' flag is provided.
src/ResourceVillageUI.tsx(8552,31): error TS17004: Cannot use JSX unless the '--jsx' flag is provided.
src/ResourceVillageUI.tsx(8559,25): error TS17004: Cannot use JSX unless the '--jsx' flag is provided.
src/ResourceVillageUI.tsx(8560,27): error TS17004: Cannot use JSX unless the '--jsx' flag is provided.
src/ResourceVillageUI.tsx(8561,29): error TS17004: Cannot use JSX unless the '--jsx' flag is provided.
src/ResourceVillageUI.tsx(8564,29): error TS17004: Cannot use JSX unless the '--jsx' flag is provided.
src/ResourceVillageUI.tsx(8566,27): error TS17004: Cannot use JSX unless the '--jsx' flag is provided.
src/ResourceVillageUI.tsx(8585,17): error TS17004: Cannot use JSX unless the '--jsx' flag is provided.
src/ResourceVillageUI.tsx(8586,19): error TS17004: Cannot use JSX unless the '--jsx' flag is provided.
src/ResourceVillageUI.tsx(8587,19): error TS17004: Cannot use JSX unless the '--jsx' flag is provided.
src/ResourceVillageUI.tsx(8589,23): error TS17004: Cannot use JSX unless the '--jsx' flag is provided.
src/ResourceVillageUI.tsx(8590,25): error TS17004: Cannot use JSX unless the '--jsx' flag is provided.
src/ResourceVillageUI.tsx(8591,27): error TS17004: Cannot use JSX unless the '--jsx' flag is provided.
src/ResourceVillageUI.tsx(8592,27): error TS17004: Cannot use JSX unless the '--jsx' flag is provided.
src/ResourceVillageUI.tsx(8594,25): error TS17004: Cannot use JSX unless the '--jsx' flag is provided.
src/ResourceVillageUI.tsx(8595,27): error TS17004: Cannot use JSX unless the '--jsx' flag is provided.
src/ResourceVillageUI.tsx(8607,15): error TS17004: Cannot use JSX unless the '--jsx' flag is provided.
src/ResourceVillageUI.tsx(8608,17): error TS17004: Cannot use JSX unless the '--jsx' flag is provided.
src/ResourceVillageUI.tsx(8609,17): error TS17004: Cannot use JSX unless the '--jsx' flag is provided.
src/ResourceVillageUI.tsx(8611,21): error TS17004: Cannot use JSX unless the '--jsx' flag is provided.
src/ResourceVillageUI.tsx(8614,23): error TS17004: Cannot use JSX unless the '--jsx' flag is provided.
src/ResourceVillageUI.tsx(8615,25): error TS17004: Cannot use JSX unless the '--jsx' flag is provided.
src/ResourceVillageUI.tsx(8616,27): error TS17004: Cannot use JSX unless the '--jsx' flag is provided.
src/ResourceVillageUI.tsx(8617,27): error TS17004: Cannot use JSX unless the '--jsx' flag is provided.
src/ResourceVillageUI.tsx(8619,25): error TS17004: Cannot use JSX unless the '--jsx' flag is provided.
src/ResourceVillageUI.tsx(8635,13): error TS17004: Cannot use JSX unless the '--jsx' flag is provided.
src/ResourceVillageUI.tsx(8636,15): error TS17004: Cannot use JSX unless the '--jsx' flag is provided.
src/ResourceVillageUI.tsx(8637,17): error TS17004: Cannot use JSX unless the '--jsx' flag is provided.
src/ResourceVillageUI.tsx(8638,19): error TS17004: Cannot use JSX unless the '--jsx' flag is provided.
src/ResourceVillageUI.tsx(8639,19): error TS17004: Cannot use JSX unless the '--jsx' flag is provided.
src/ResourceVillageUI.tsx(8643,17): error TS17004: Cannot use JSX unless the '--jsx' flag is provided.
src/ResourceVillageUI.tsx(8644,19): error TS17004: Cannot use JSX unless the '--jsx' flag is provided.
src/ResourceVillageUI.tsx(8651,19): error TS17004: Cannot use JSX unless the '--jsx' flag is provided.
src/ResourceVillageUI.tsx(8662,15): error TS17004: Cannot use JSX unless the '--jsx' flag is provided.
src/ResourceVillageUI.tsx(8664,19): error TS17004: Cannot use JSX unless the '--jsx' flag is provided.
src/ResourceVillageUI.tsx(8665,21): error TS17004: Cannot use JSX unless the '--jsx' flag is provided.
src/ResourceVillageUI.tsx(8668,19): error TS17004: Cannot use JSX unless the '--jsx' flag is provided.
src/ResourceVillageUI.tsx(8671,68): error TS2550: Property 'find' does not exist on type 'Commander[]'. Do you need to change your target library? Try changing the 'lib' compiler option to 'es2015' or later.
src/ResourceVillageUI.tsx(8675,25): error TS17004: Cannot use JSX unless the '--jsx' flag is provided.
src/ResourceVillageUI.tsx(8683,27): error TS17004: Cannot use JSX unless the '--jsx' flag is provided.
src/ResourceVillageUI.tsx(8684,29): error TS17004: Cannot use JSX unless the '--jsx' flag is provided.
src/ResourceVillageUI.tsx(8685,31): error TS17004: Cannot use JSX unless the '--jsx' flag is provided.
src/ResourceVillageUI.tsx(8686,33): error TS17004: Cannot use JSX unless the '--jsx' flag is provided.
src/ResourceVillageUI.tsx(8687,33): error TS17004: Cannot use JSX unless the '--jsx' flag is provided.
src/ResourceVillageUI.tsx(8688,35): error TS17004: Cannot use JSX unless the '--jsx' flag is provided.
src/ResourceVillageUI.tsx(8689,37): error TS17004: Cannot use JSX unless the '--jsx' flag is provided.
src/ResourceVillageUI.tsx(8690,37): error TS17004: Cannot use JSX unless the '--jsx' flag is provided.
src/ResourceVillageUI.tsx(8697,35): error TS17004: Cannot use JSX unless the '--jsx' flag is provided.
src/ResourceVillageUI.tsx(8700,31): error TS17004: Cannot use JSX unless the '--jsx' flag is provided.
src/ResourceVillageUI.tsx(8702,35): error TS17004: Cannot use JSX unless the '--jsx' flag is provided.
src/ResourceVillageUI.tsx(8704,35): error TS17004: Cannot use JSX unless the '--jsx' flag is provided.
src/ResourceVillageUI.tsx(8713,29): error TS17004: Cannot use JSX unless the '--jsx' flag is provided.
src/ResourceVillageUI.tsx(8715,31): error TS17004: Cannot use JSX unless the '--jsx' flag is provided.
src/ResourceVillageUI.tsx(8716,33): error TS17004: Cannot use JSX unless the '--jsx' flag is provided.
src/ResourceVillageUI.tsx(8720,33): error TS17004: Cannot use JSX unless the '--jsx' flag is provided.
src/ResourceVillageUI.tsx(8721,35): error TS17004: Cannot use JSX unless the '--jsx' flag is provided.
src/ResourceVillageUI.tsx(8722,35): error TS17004: Cannot use JSX unless the '--jsx' flag is provided.
src/ResourceVillageUI.tsx(8727,31): error TS17004: Cannot use JSX unless the '--jsx' flag is provided.
src/ResourceVillageUI.tsx(8739,29): error TS17004: Cannot use JSX unless the '--jsx' flag is provided.
src/ResourceVillageUI.tsx(8740,31): error TS17004: Cannot use JSX unless the '--jsx' flag is provided.
src/ResourceVillageUI.tsx(8741,33): error TS17004: Cannot use JSX unless the '--jsx' flag is provided.
src/ResourceVillageUI.tsx(8742,33): error TS17004: Cannot use JSX unless the '--jsx' flag is provided.
src/ResourceVillageUI.tsx(8744,31): error TS17004: Cannot use JSX unless the '--jsx' flag is provided.
src/ResourceVillageUI.tsx(8745,33): error TS17004: Cannot use JSX unless the '--jsx' flag is provided.
src/ResourceVillageUI.tsx(8754,27): error TS17004: Cannot use JSX unless the '--jsx' flag is provided.
src/ResourceVillageUI.tsx(8755,29): error TS17004: Cannot use JSX unless the '--jsx' flag is provided.
src/ResourceVillageUI.tsx(8756,31): error TS17004: Cannot use JSX unless the '--jsx' flag is provided.
src/ResourceVillageUI.tsx(8757,31): error TS17004: Cannot use JSX unless the '--jsx' flag is provided.
src/ResourceVillageUI.tsx(8766,29): error TS17004: Cannot use JSX unless the '--jsx' flag is provided.
src/ResourceVillageUI.tsx(8767,38): error TS2550: Property 'from' does not exist on type 'ArrayConstructor'. Do you need to change your target library? Try changing the 'lib' compiler option to 'es2015' or later.
src/ResourceVillageUI.tsx(8775,35): error TS17004: Cannot use JSX unless the '--jsx' flag is provided.
src/ResourceVillageUI.tsx(8789,39): error TS17004: Cannot use JSX unless the '--jsx' flag is provided.
src/ResourceVillageUI.tsx(8790,41): error TS17004: Cannot use JSX unless the '--jsx' flag is provided.
src/ResourceVillageUI.tsx(8791,41): error TS17004: Cannot use JSX unless the '--jsx' flag is provided.
src/ResourceVillageUI.tsx(8792,41): error TS17004: Cannot use JSX unless the '--jsx' flag is provided.
src/ResourceVillageUI.tsx(8793,43): error TS17004: Cannot use JSX unless the '--jsx' flag is provided.
src/ResourceVillageUI.tsx(8801,39): error TS17004: Cannot use JSX unless the '--jsx' flag is provided.
src/ResourceVillageUI.tsx(8810,27): error TS17004: Cannot use JSX unless the '--jsx' flag is provided.
src/ResourceVillageUI.tsx(8811,29): error TS17004: Cannot use JSX unless the '--jsx' flag is provided.
src/ResourceVillageUI.tsx(8818,29): error TS17004: Cannot use JSX unless the '--jsx' flag is provided.
src/ResourceVillageUI.tsx(8836,7): error TS17004: Cannot use JSX unless the '--jsx' flag is provided.
src/ResourceVillageUI.tsx(8843,13): error TS2304: Cannot find name 'updateBannerSquad'.
src/ResourceVillageUI.tsx(8851,11): error TS17004: Cannot use JSX unless the '--jsx' flag is provided.
src/ResourceVillageUI.tsx(8852,13): error TS17004: Cannot use JSX unless the '--jsx' flag is provided.
src/ResourceVillageUI.tsx(8853,13): error TS17004: Cannot use JSX unless the '--jsx' flag is provided.
src/ResourceVillageUI.tsx(8860,11): error TS17004: Cannot use JSX unless the '--jsx' flag is provided.
src/ResourceVillageUI.tsx(8861,13): error TS17004: Cannot use JSX unless the '--jsx' flag is provided.
src/ResourceVillageUI.tsx(8864,13): error TS17004: Cannot use JSX unless the '--jsx' flag is provided.
src/ResourceVillageUI.tsx(8866,17): error TS17004: Cannot use JSX unless the '--jsx' flag is provided.
src/ResourceVillageUI.tsx(8867,19): error TS17004: Cannot use JSX unless the '--jsx' flag is provided.
src/ResourceVillageUI.tsx(8869,21): error TS17004: Cannot use JSX unless the '--jsx' flag is provided.
src/ResourceVillageUI.tsx(8878,17): error TS17004: Cannot use JSX unless the '--jsx' flag is provided.
src/ResourceVillageUI.tsx(8879,19): error TS17004: Cannot use JSX unless the '--jsx' flag is provided.
src/ResourceVillageUI.tsx(8880,21): error TS17004: Cannot use JSX unless the '--jsx' flag is provided.
src/ResourceVillageUI.tsx(8881,23): error TS17004: Cannot use JSX unless the '--jsx' flag is provided.
src/ResourceVillageUI.tsx(8882,23): error TS17004: Cannot use JSX unless the '--jsx' flag is provided.
src/ResourceVillageUI.tsx(8885,23): error TS17004: Cannot use JSX unless the '--jsx' flag is provided.
src/ResourceVillageUI.tsx(8899,15): error TS17004: Cannot use JSX unless the '--jsx' flag is provided.
src/ResourceVillageUI.tsx(8909,15): error TS17004: Cannot use JSX unless the '--jsx' flag is provided.
src/ResourceVillageUI.tsx(8910,17): error TS17004: Cannot use JSX unless the '--jsx' flag is provided.
src/ResourceVillageUI.tsx(8912,19): error TS17004: Cannot use JSX unless the '--jsx' flag is provided.
src/ResourceVillageUI.tsx(8914,19): error TS17004: Cannot use JSX unless the '--jsx' flag is provided.
src/ResourceVillageUI.tsx(8922,25): error TS17004: Cannot use JSX unless the '--jsx' flag is provided.
src/ResourceVillageUI.tsx(8923,27): error TS17004: Cannot use JSX unless the '--jsx' flag is provided.
src/ResourceVillageUI.tsx(8924,29): error TS17004: Cannot use JSX unless the '--jsx' flag is provided.
src/ResourceVillageUI.tsx(8925,31): error TS17004: Cannot use JSX unless the '--jsx' flag is provided.
src/ResourceVillageUI.tsx(8926,33): error TS17004: Cannot use JSX unless the '--jsx' flag is provided.
src/ResourceVillageUI.tsx(8927,33): error TS17004: Cannot use JSX unless the '--jsx' flag is provided.
src/ResourceVillageUI.tsx(8931,31): error TS17004: Cannot use JSX unless the '--jsx' flag is provided.
src/ResourceVillageUI.tsx(8932,31): error TS17004: Cannot use JSX unless the '--jsx' flag is provided.
src/ResourceVillageUI.tsx(8936,33): error TS17004: Cannot use JSX unless the '--jsx' flag is provided.
src/ResourceVillageUI.tsx(8942,33): error TS17004: Cannot use JSX unless the '--jsx' flag is provided.
src/ResourceVillageUI.tsx(8943,35): error TS17004: Cannot use JSX unless the '--jsx' flag is provided.
src/ResourceVillageUI.tsx(8944,37): error TS17004: Cannot use JSX unless the '--jsx' flag is provided.
src/ResourceVillageUI.tsx(8951,35): error TS17004: Cannot use JSX unless the '--jsx' flag is provided.
src/ResourceVillageUI.tsx(8957,33): error TS17004: Cannot use JSX unless the '--jsx' flag is provided.
src/ResourceVillageUI.tsx(8962,29): error TS17004: Cannot use JSX unless the '--jsx' flag is provided.
src/ResourceVillageUI.tsx(8979,15): error TS17004: Cannot use JSX unless the '--jsx' flag is provided.
src/ResourceVillageUI.tsx(8980,17): error TS17004: Cannot use JSX unless the '--jsx' flag is provided.
src/ResourceVillageUI.tsx(8981,17): error TS17004: Cannot use JSX unless the '--jsx' flag is provided.
src/ResourceVillageUI.tsx(8983,44): error TS2550: Property 'find' does not exist on type 'Banner[]'. Do you need to change your target library? Try changing the 'lib' compiler option to 'es2015' or later.
src/ResourceVillageUI.tsx(8990,23): error TS17004: Cannot use JSX unless the '--jsx' flag is provided.
src/ResourceVillageUI.tsx(8991,25): error TS17004: Cannot use JSX unless the '--jsx' flag is provided.
src/ResourceVillageUI.tsx(8992,27): error TS17004: Cannot use JSX unless the '--jsx' flag is provided.
src/ResourceVillageUI.tsx(8993,29): error TS17004: Cannot use JSX unless the '--jsx' flag is provided.
src/ResourceVillageUI.tsx(8994,31): error TS17004: Cannot use JSX unless the '--jsx' flag is provided.
src/ResourceVillageUI.tsx(8995,31): error TS17004: Cannot use JSX unless the '--jsx' flag is provided.
src/ResourceVillageUI.tsx(8999,29): error TS17004: Cannot use JSX unless the '--jsx' flag is provided.
src/ResourceVillageUI.tsx(9000,29): error TS17004: Cannot use JSX unless the '--jsx' flag is provided.
src/ResourceVillageUI.tsx(9001,44): error TS17004: Cannot use JSX unless the '--jsx' flag is provided.
src/ResourceVillageUI.tsx(9004,31): error TS17004: Cannot use JSX unless the '--jsx' flag is provided.
src/ResourceVillageUI.tsx(9010,31): error TS17004: Cannot use JSX unless the '--jsx' flag is provided.
src/ResourceVillageUI.tsx(9011,33): error TS17004: Cannot use JSX unless the '--jsx' flag is provided.
src/ResourceVillageUI.tsx(9012,35): error TS17004: Cannot use JSX unless the '--jsx' flag is provided.
src/ResourceVillageUI.tsx(9019,33): error TS17004: Cannot use JSX unless the '--jsx' flag is provided.
src/ResourceVillageUI.tsx(9025,31): error TS17004: Cannot use JSX unless the '--jsx' flag is provided.
src/ResourceVillageUI.tsx(9030,27): error TS17004: Cannot use JSX unless the '--jsx' flag is provided.
src/ResourceVillageUI.tsx(9046,15): error TS17004: Cannot use JSX unless the '--jsx' flag is provided.
src/ResourceVillageUI.tsx(9047,17): error TS17004: Cannot use JSX unless the '--jsx' flag is provided.
src/ResourceVillageUI.tsx(9048,19): error TS17004: Cannot use JSX unless the '--jsx' flag is provided.
src/ResourceVillageUI.tsx(9049,21): error TS17004: Cannot use JSX unless the '--jsx' flag is provided.
src/ResourceVillageUI.tsx(9050,21): error TS17004: Cannot use JSX unless the '--jsx' flag is provided.
src/ResourceVillageUI.tsx(9057,19): error TS17004: Cannot use JSX unless the '--jsx' flag is provided.
src/ResourceVillageUI.tsx(9058,19): error TS17004: Cannot use JSX unless the '--jsx' flag is provided.
src/ResourceVillageUI.tsx(9063,25): error TS17004: Cannot use JSX unless the '--jsx' flag is provided.
src/ResourceVillageUI.tsx(9068,27): error TS17004: Cannot use JSX unless the '--jsx' flag is provided.
src/ResourceVillageUI.tsx(9069,29): error TS17004: Cannot use JSX unless the '--jsx' flag is provided.
src/ResourceVillageUI.tsx(9070,29): error TS17004: Cannot use JSX unless the '--jsx' flag is provided.
src/ResourceVillageUI.tsx(9071,29): error TS17004: Cannot use JSX unless the '--jsx' flag is provided.
src/ResourceVillageUI.tsx(9073,27): error TS17004: Cannot use JSX unless the '--jsx' flag is provided.
src/ResourceVillageUI.tsx(9074,29): error TS17004: Cannot use JSX unless the '--jsx' flag is provided.
src/ResourceVillageUI.tsx(9075,29): error TS17004: Cannot use JSX unless the '--jsx' flag is provided.
src/ResourceVillageUI.tsx(9077,27): error TS17004: Cannot use JSX unless the '--jsx' flag is provided.
src/ResourceVillageUI.tsx(9078,27): error TS17004: Cannot use JSX unless the '--jsx' flag is provided.
src/ResourceVillageUI.tsx(9100,11): error TS17004: Cannot use JSX unless the '--jsx' flag is provided.
src/ResourceVillageUI.tsx(9101,13): error TS17004: Cannot use JSX unless the '--jsx' flag is provided.
src/ResourceVillageUI.tsx(9104,13): error TS17004: Cannot use JSX unless the '--jsx' flag is provided.
src/ResourceVillageUI.tsx(9105,15): error TS17004: Cannot use JSX unless the '--jsx' flag is provided.
src/ResourceVillageUI.tsx(9106,17): error TS17004: Cannot use JSX unless the '--jsx' flag is provided.
src/ResourceVillageUI.tsx(9107,19): error TS17004: Cannot use JSX unless the '--jsx' flag is provided.
src/ResourceVillageUI.tsx(9108,19): error TS17004: Cannot use JSX unless the '--jsx' flag is provided.
src/ResourceVillageUI.tsx(9110,17): error TS17004: Cannot use JSX unless the '--jsx' flag is provided.
src/ResourceVillageUI.tsx(9111,19): error TS17004: Cannot use JSX unless the '--jsx' flag is provided.
src/ResourceVillageUI.tsx(9112,19): error TS17004: Cannot use JSX unless the '--jsx' flag is provided.
src/ResourceVillageUI.tsx(9114,17): error TS17004: Cannot use JSX unless the '--jsx' flag is provided.
src/ResourceVillageUI.tsx(9115,19): error TS17004: Cannot use JSX unless the '--jsx' flag is provided.
src/ResourceVillageUI.tsx(9116,19): error TS17004: Cannot use JSX unless the '--jsx' flag is provided.
src/ResourceVillageUI.tsx(9121,15): error TS17004: Cannot use JSX unless the '--jsx' flag is provided.
src/ResourceVillageUI.tsx(9122,17): error TS17004: Cannot use JSX unless the '--jsx' flag is provided.
src/ResourceVillageUI.tsx(9132,17): error TS17004: Cannot use JSX unless the '--jsx' flag is provided.
src/ResourceVillageUI.tsx(9146,13): error TS17004: Cannot use JSX unless the '--jsx' flag is provided.
src/ResourceVillageUI.tsx(9147,15): error TS17004: Cannot use JSX unless the '--jsx' flag is provided.
src/ResourceVillageUI.tsx(9156,15): error TS17004: Cannot use JSX unless the '--jsx' flag is provided.
src/ResourceVillageUI.tsx(9168,13): error TS17004: Cannot use JSX unless the '--jsx' flag is provided.
src/ResourceVillageUI.tsx(9183,46): error TS2550: Property 'values' does not exist on type 'ObjectConstructor'. Do you need to change your target library? Try changing the 'lib' compiler option to 'es2017' or later.
src/ResourceVillageUI.tsx(9188,21): error TS17004: Cannot use JSX unless the '--jsx' flag is provided.
src/ResourceVillageUI.tsx(9189,23): error TS17004: Cannot use JSX unless the '--jsx' flag is provided.
src/ResourceVillageUI.tsx(9190,23): error TS17004: Cannot use JSX unless the '--jsx' flag is provided.
src/ResourceVillageUI.tsx(9191,23): error TS17004: Cannot use JSX unless the '--jsx' flag is provided.
src/ResourceVillageUI.tsx(9197,29): error TS17004: Cannot use JSX unless the '--jsx' flag is provided.
src/ResourceVillageUI.tsx(9212,31): error TS17004: Cannot use JSX unless the '--jsx' flag is provided.
src/ResourceVillageUI.tsx(9213,33): error TS17004: Cannot use JSX unless the '--jsx' flag is provided.
src/ResourceVillageUI.tsx(9214,33): error TS17004: Cannot use JSX unless the '--jsx' flag is provided.
src/ResourceVillageUI.tsx(9216,31): error TS17004: Cannot use JSX unless the '--jsx' flag is provided.
src/ResourceVillageUI.tsx(9217,33): error TS17004: Cannot use JSX unless the '--jsx' flag is provided.
src/ResourceVillageUI.tsx(9219,35): error TS17004: Cannot use JSX unless the '--jsx' flag is provided.
src/ResourceVillageUI.tsx(9221,35): error TS17004: Cannot use JSX unless the '--jsx' flag is provided.
src/ResourceVillageUI.tsx(9239,11): error TS17004: Cannot use JSX unless the '--jsx' flag is provided.
src/ResourceVillageUI.tsx(9240,13): error TS17004: Cannot use JSX unless the '--jsx' flag is provided.
src/ResourceVillageUI.tsx(9241,13): error TS17004: Cannot use JSX unless the '--jsx' flag is provided.
src/ResourceVillageUI.tsx(9243,15): error TS17004: Cannot use JSX unless the '--jsx' flag is provided.
src/ResourceVillageUI.tsx(9244,17): error TS17004: Cannot use JSX unless the '--jsx' flag is provided.
src/ResourceVillageUI.tsx(9245,62): error TS2367: This comparison appears to be unintentional because the types '"ready"' and '"destroyed"' have no overlap.
src/ResourceVillageUI.tsx(9246,19): error TS17004: Cannot use JSX unless the '--jsx' flag is provided.
src/ResourceVillageUI.tsx(9248,19): error TS17004: Cannot use JSX unless the '--jsx' flag is provided.
src/ResourceVillageUI.tsx(9249,66): error TS2367: This comparison appears to be unintentional because the types '"ready"' and '"destroyed"' have no overlap.
src/ResourceVillageUI.tsx(9251,56): error TS2550: Property 'find' does not exist on type 'Mission[]'. Do you need to change your target library? Try changing the 'lib' compiler option to 'es2015' or later.
src/ResourceVillageUI.tsx(9256,25): error TS17004: Cannot use JSX unless the '--jsx' flag is provided.
src/ResourceVillageUI.tsx(9263,27): error TS17004: Cannot use JSX unless the '--jsx' flag is provided.
src/ResourceVillageUI.tsx(9265,44): error TS17004: Cannot use JSX unless the '--jsx' flag is provided.
src/ResourceVillageUI.tsx(9267,27): error TS17004: Cannot use JSX unless the '--jsx' flag is provided.
src/ResourceVillageUI.tsx(9270,31): error TS17004: Cannot use JSX unless the '--jsx' flag is provided.
src/ResourceVillageUI.tsx(9276,29): error TS17004: Cannot use JSX unless the '--jsx' flag is provided.
src/ResourceVillageUI.tsx(9277,31): error TS17004: Cannot use JSX unless the '--jsx' flag is provided.
src/ResourceVillageUI.tsx(9280,31): error TS17004: Cannot use JSX unless the '--jsx' flag is provided.
src/ResourceVillageUI.tsx(9300,15): error TS17004: Cannot use JSX unless the '--jsx' flag is provided.
src/ResourceVillageUI.tsx(9302,84): error TS2367: This comparison appears to be unintentional because the types '"ready"' and '"destroyed"' have no overlap.
src/ResourceVillageUI.tsx(9305,69): error TS2550: Property 'find' does not exist on type 'Banner[]'. Do you need to change your target library? Try changing the 'lib' compiler option to 'es2015' or later.
src/ResourceVillageUI.tsx(9321,21): error TS17004: Cannot use JSX unless the '--jsx' flag is provided.
src/ResourceVillageUI.tsx(9322,23): error TS17004: Cannot use JSX unless the '--jsx' flag is provided.
src/ResourceVillageUI.tsx(9323,25): error TS17004: Cannot use JSX unless the '--jsx' flag is provided.
src/ResourceVillageUI.tsx(9324,27): error TS17004: Cannot use JSX unless the '--jsx' flag is provided.
src/ResourceVillageUI.tsx(9326,29): error TS17004: Cannot use JSX unless the '--jsx' flag is provided.
src/ResourceVillageUI.tsx(9331,29): error TS17004: Cannot use JSX unless the '--jsx' flag is provided.
src/ResourceVillageUI.tsx(9336,25): error TS17004: Cannot use JSX unless the '--jsx' flag is provided.
src/ResourceVillageUI.tsx(9338,29): error TS17004: Cannot use JSX unless the '--jsx' flag is provided.
src/ResourceVillageUI.tsx(9343,29): error TS17004: Cannot use JSX unless the '--jsx' flag is provided.
src/ResourceVillageUI.tsx(9345,33): error TS17004: Cannot use JSX unless the '--jsx' flag is provided.
src/ResourceVillageUI.tsx(9370,33): error TS17004: Cannot use JSX unless the '--jsx' flag is provided.
src/ResourceVillageUI.tsx(9371,35): error TS17004: Cannot use JSX unless the '--jsx' flag is provided.
src/ResourceVillageUI.tsx(9391,35): error TS17004: Cannot use JSX unless the '--jsx' flag is provided.
src/ResourceVillageUI.tsx(9406,29): error TS17004: Cannot use JSX unless the '--jsx' flag is provided.
src/ResourceVillageUI.tsx(9409,29): error TS17004: Cannot use JSX unless the '--jsx' flag is provided.
src/ResourceVillageUI.tsx(9419,29): error TS17004: Cannot use JSX unless the '--jsx' flag is provided.
src/ResourceVillageUI.tsx(9430,29): error TS17004: Cannot use JSX unless the '--jsx' flag is provided.
src/ResourceVillageUI.tsx(9432,33): error TS17004: Cannot use JSX unless the '--jsx' flag is provided.
src/ResourceVillageUI.tsx(9447,31): error TS17004: Cannot use JSX unless the '--jsx' flag is provided.
src/ResourceVillageUI.tsx(9468,29): error TS17004: Cannot use JSX unless the '--jsx' flag is provided.
src/ResourceVillageUI.tsx(9476,25): error TS17004: Cannot use JSX unless the '--jsx' flag is provided.
src/ResourceVillageUI.tsx(9483,25): error TS17004: Cannot use JSX unless the '--jsx' flag is provided.
src/ResourceVillageUI.tsx(9506,27): error TS17004: Cannot use JSX unless the '--jsx' flag is provided.
src/ResourceVillageUI.tsx(9514,25): error TS17004: Cannot use JSX unless the '--jsx' flag is provided.
src/ResourceVillageUI.tsx(9515,27): error TS17004: Cannot use JSX unless the '--jsx' flag is provided.
src/ResourceVillageUI.tsx(9516,27): error TS17004: Cannot use JSX unless the '--jsx' flag is provided.
src/ResourceVillageUI.tsx(9521,33): error TS17004: Cannot use JSX unless the '--jsx' flag is provided.
src/ResourceVillageUI.tsx(9529,35): error TS17004: Cannot use JSX unless the '--jsx' flag is provided.
src/ResourceVillageUI.tsx(9530,37): error TS17004: Cannot use JSX unless the '--jsx' flag is provided.
src/ResourceVillageUI.tsx(9534,39): error TS17004: Cannot use JSX unless the '--jsx' flag is provided.
src/ResourceVillageUI.tsx(9537,35): error TS17004: Cannot use JSX unless the '--jsx' flag is provided.
src/ResourceVillageUI.tsx(9540,39): error TS17004: Cannot use JSX unless the '--jsx' flag is provided.
src/ResourceVillageUI.tsx(9554,25): error TS17004: Cannot use JSX unless the '--jsx' flag is provided.
src/ResourceVillageUI.tsx(9555,37): error TS17004: Cannot use JSX unless the '--jsx' flag is provided.
src/ResourceVillageUI.tsx(9561,25): error TS17004: Cannot use JSX unless the '--jsx' flag is provided.
src/ResourceVillageUI.tsx(9562,27): error TS17004: Cannot use JSX unless the '--jsx' flag is provided.
src/ResourceVillageUI.tsx(9576,11): error TS17004: Cannot use JSX unless the '--jsx' flag is provided.
src/ResourceVillageUI.tsx(9577,13): error TS17004: Cannot use JSX unless the '--jsx' flag is provided.
src/ResourceVillageUI.tsx(9578,13): error TS17004: Cannot use JSX unless the '--jsx' flag is provided.
src/ResourceVillageUI.tsx(9581,19): error TS17004: Cannot use JSX unless the '--jsx' flag is provided.
src/ResourceVillageUI.tsx(9582,21): error TS17004: Cannot use JSX unless the '--jsx' flag is provided.
src/ResourceVillageUI.tsx(9583,23): error TS17004: Cannot use JSX unless the '--jsx' flag is provided.
src/ResourceVillageUI.tsx(9584,25): error TS17004: Cannot use JSX unless the '--jsx' flag is provided.
src/ResourceVillageUI.tsx(9585,25): error TS17004: Cannot use JSX unless the '--jsx' flag is provided.
src/ResourceVillageUI.tsx(9587,27): error TS17004: Cannot use JSX unless the '--jsx' flag is provided.
src/ResourceVillageUI.tsx(9591,25): error TS17004: Cannot use JSX unless the '--jsx' flag is provided.
src/ResourceVillageUI.tsx(9597,23): error TS17004: Cannot use JSX unless the '--jsx' flag is provided.
src/ResourceVillageUI.tsx(9598,25): error TS17004: Cannot use JSX unless the '--jsx' flag is provided.
src/ResourceVillageUI.tsx(9601,25): error TS17004: Cannot use JSX unless the '--jsx' flag is provided.
src/ResourceVillageUI.tsx(9612,23): error TS17004: Cannot use JSX unless the '--jsx' flag is provided.
src/ResourceVillageUI.tsx(9613,25): error TS17004: Cannot use JSX unless the '--jsx' flag is provided.
src/ResourceVillageUI.tsx(9624,29): error TS17004: Cannot use JSX unless the '--jsx' flag is provided.
src/ResourceVillageUI.tsx(9625,31): error TS17004: Cannot use JSX unless the '--jsx' flag is provided.
src/ResourceVillageUI.tsx(9626,31): error TS17004: Cannot use JSX unless the '--jsx' flag is provided.
src/ResourceVillageUI.tsx(9629,31): error TS17004: Cannot use JSX unless the '--jsx' flag is provided.
src/ResourceVillageUI.tsx(9630,33): error TS17004: Cannot use JSX unless the '--jsx' flag is provided.
src/ResourceVillageUI.tsx(9636,33): error TS17004: Cannot use JSX unless the '--jsx' flag is provided.
src/ResourceVillageUI.tsx(9648,46): error TS17004: Cannot use JSX unless the '--jsx' flag is provided.
src/ResourceVillageUI.tsx(9657,23): error TS17004: Cannot use JSX unless the '--jsx' flag is provided.
src/ResourceVillageUI.tsx(9658,25): error TS17004: Cannot use JSX unless the '--jsx' flag is provided.
src/ResourceVillageUI.tsx(9659,27): error TS17004: Cannot use JSX unless the '--jsx' flag is provided.
src/ResourceVillageUI.tsx(9663,31): error TS17004: Cannot use JSX unless the '--jsx' flag is provided.
src/ResourceVillageUI.tsx(9664,33): error TS17004: Cannot use JSX unless the '--jsx' flag is provided.
src/ResourceVillageUI.tsx(9665,33): error TS17004: Cannot use JSX unless the '--jsx' flag is provided.
src/ResourceVillageUI.tsx(9668,33): error TS17004: Cannot use JSX unless the '--jsx' flag is provided.
src/ResourceVillageUI.tsx(9669,35): error TS17004: Cannot use JSX unless the '--jsx' flag is provided.
src/ResourceVillageUI.tsx(9671,33): error TS17004: Cannot use JSX unless the '--jsx' flag is provided.
src/ResourceVillageUI.tsx(9676,25): error TS17004: Cannot use JSX unless the '--jsx' flag is provided.
src/ResourceVillageUI.tsx(9687,23): error TS17004: Cannot use JSX unless the '--jsx' flag is provided.
src/ResourceVillageUI.tsx(9688,25): error TS17004: Cannot use JSX unless the '--jsx' flag is provided.
src/ResourceVillageUI.tsx(9689,25): error TS17004: Cannot use JSX unless the '--jsx' flag is provided.
src/ResourceVillageUI.tsx(9690,27): error TS17004: Cannot use JSX unless the '--jsx' flag is provided.
src/ResourceVillageUI.tsx(9695,25): error TS17004: Cannot use JSX unless the '--jsx' flag is provided.
src/ResourceVillageUI.tsx(9701,23): error TS17004: Cannot use JSX unless the '--jsx' flag is provided.
src/ResourceVillageUI.tsx(9702,25): error TS17004: Cannot use JSX unless the '--jsx' flag is provided.
src/ResourceVillageUI.tsx(9707,25): error TS17004: Cannot use JSX unless the '--jsx' flag is provided.
src/ResourceVillageUI.tsx(9708,27): error TS17004: Cannot use JSX unless the '--jsx' flag is provided.
src/ResourceVillageUI.tsx(9713,70): error TS2550: Property 'find' does not exist on type 'FortressBuilding[]'. Do you need to change your target library? Try changing the 'lib' compiler option to 'es2015' or later.
src/ResourceVillageUI.tsx(9716,31): error TS17004: Cannot use JSX unless the '--jsx' flag is provided.
src/ResourceVillageUI.tsx(9717,42): error TS17004: Cannot use JSX unless the '--jsx' flag is provided.
src/ResourceVillageUI.tsx(9718,45): error TS17004: Cannot use JSX unless the '--jsx' flag is provided.
src/ResourceVillageUI.tsx(9719,47): error TS17004: Cannot use JSX unless the '--jsx' flag is provided.
src/ResourceVillageUI.tsx(9720,43): error TS17004: Cannot use JSX unless the '--jsx' flag is provided.
src/ResourceVillageUI.tsx(9721,48): error TS17004: Cannot use JSX unless the '--jsx' flag is provided.
src/ResourceVillageUI.tsx(9725,27): error TS17004: Cannot use JSX unless the '--jsx' flag is provided.
src/ResourceVillageUI.tsx(9730,27): error TS17004: Cannot use JSX unless the '--jsx' flag is provided.
src/ResourceVillageUI.tsx(9742,33): error TS17004: Cannot use JSX unless the '--jsx' flag is provided.
src/ResourceVillageUI.tsx(9743,35): error TS17004: Cannot use JSX unless the '--jsx' flag is provided.
src/ResourceVillageUI.tsx(9744,37): error TS17004: Cannot use JSX unless the '--jsx' flag is provided.
src/ResourceVillageUI.tsx(9745,39): error TS17004: Cannot use JSX unless the '--jsx' flag is provided.
src/ResourceVillageUI.tsx(9746,41): error TS17004: Cannot use JSX unless the '--jsx' flag is provided.
src/ResourceVillageUI.tsx(9747,41): error TS17004: Cannot use JSX unless the '--jsx' flag is provided.
src/ResourceVillageUI.tsx(9748,41): error TS17004: Cannot use JSX unless the '--jsx' flag is provided.
src/ResourceVillageUI.tsx(9756,41): error TS17004: Cannot use JSX unless the '--jsx' flag is provided.
src/ResourceVillageUI.tsx(9761,41): error TS17004: Cannot use JSX unless the '--jsx' flag is provided.
src/ResourceVillageUI.tsx(9772,39): error TS17004: Cannot use JSX unless the '--jsx' flag is provided.
src/ResourceVillageUI.tsx(9773,41): error TS17004: Cannot use JSX unless the '--jsx' flag is provided.
src/ResourceVillageUI.tsx(9774,41): error TS17004: Cannot use JSX unless the '--jsx' flag is provided.
src/ResourceVillageUI.tsx(9785,39): error TS17004: Cannot use JSX unless the '--jsx' flag is provided.
src/ResourceVillageUI.tsx(9794,27): error TS17004: Cannot use JSX unless the '--jsx' flag is provided.
src/ResourceVillageUI.tsx(9795,29): error TS17004: Cannot use JSX unless the '--jsx' flag is provided.
src/ResourceVillageUI.tsx(9799,31): error TS17004: Cannot use JSX unless the '--jsx' flag is provided.
src/ResourceVillageUI.tsx(9800,33): error TS17004: Cannot use JSX unless the '--jsx' flag is provided.
src/ResourceVillageUI.tsx(9801,33): error TS17004: Cannot use JSX unless the '--jsx' flag is provided.
src/ResourceVillageUI.tsx(9803,60): error TS2550: Property 'find' does not exist on type 'Banner[]'. Do you need to change your target library? Try changing the 'lib' compiler option to 'es2015' or later.
src/ResourceVillageUI.tsx(9810,39): error TS17004: Cannot use JSX unless the '--jsx' flag is provided.
src/ResourceVillageUI.tsx(9811,41): error TS17004: Cannot use JSX unless the '--jsx' flag is provided.
src/ResourceVillageUI.tsx(9812,43): error TS17004: Cannot use JSX unless the '--jsx' flag is provided.
src/ResourceVillageUI.tsx(9813,43): error TS17004: Cannot use JSX unless the '--jsx' flag is provided.
src/ResourceVillageUI.tsx(9817,41): error TS17004: Cannot use JSX unless the '--jsx' flag is provided.
src/ResourceVillageUI.tsx(9836,43): error TS2550: Property 'includes' does not exist on type 'number[]'. Do you need to change your target library? Try changing the 'lib' compiler option to 'es2016' or later.
src/ResourceVillageUI.tsx(9841,35): error TS17004: Cannot use JSX unless the '--jsx' flag is provided.
src/ResourceVillageUI.tsx(9852,33): error TS17004: Cannot use JSX unless the '--jsx' flag is provided.
src/ResourceVillageUI.tsx(9853,35): error TS17004: Cannot use JSX unless the '--jsx' flag is provided.
src/ResourceVillageUI.tsx(9854,35): error TS17004: Cannot use JSX unless the '--jsx' flag is provided.
src/ResourceVillageUI.tsx(9859,41): error TS17004: Cannot use JSX unless the '--jsx' flag is provided.
src/ResourceVillageUI.tsx(9860,43): error TS17004: Cannot use JSX unless the '--jsx' flag is provided.
src/ResourceVillageUI.tsx(9861,45): error TS17004: Cannot use JSX unless the '--jsx' flag is provided.
src/ResourceVillageUI.tsx(9862,45): error TS17004: Cannot use JSX unless the '--jsx' flag is provided.
src/ResourceVillageUI.tsx(9866,43): error TS17004: Cannot use JSX unless the '--jsx' flag is provided.
src/ResourceVillageUI.tsx(9883,27): error TS17004: Cannot use JSX unless the '--jsx' flag is provided.
src/ResourceVillageUI.tsx(9923,100): error TS2550: Property 'includes' does not exist on type 'number[]'. Do you need to change your target library? Try changing the 'lib' compiler option to 'es2016' or later.
src/ResourceVillageUI.tsx(9991,33): error TS17004: Cannot use JSX unless the '--jsx' flag is provided.
src/ResourceVillageUI.tsx(9992,35): error TS17004: Cannot use JSX unless the '--jsx' flag is provided.
src/ResourceVillageUI.tsx(10007,37): error TS17004: Cannot use JSX unless the '--jsx' flag is provided.
src/ResourceVillageUI.tsx(10008,39): error TS17004: Cannot use JSX unless the '--jsx' flag is provided.
src/ResourceVillageUI.tsx(10017,37): error TS17004: Cannot use JSX unless the '--jsx' flag is provided.
src/ResourceVillageUI.tsx(10028,29): error TS17004: Cannot use JSX unless the '--jsx' flag is provided.
src/ResourceVillageUI.tsx(10029,31): error TS17004: Cannot use JSX unless the '--jsx' flag is provided.
src/ResourceVillageUI.tsx(10067,35): error TS17004: Cannot use JSX unless the '--jsx' flag is provided.
src/ResourceVillageUI.tsx(10069,37): error TS17004: Cannot use JSX unless the '--jsx' flag is provided.
src/ResourceVillageUI.tsx(10070,39): error TS17004: Cannot use JSX unless the '--jsx' flag is provided.
src/ResourceVillageUI.tsx(10071,41): error TS17004: Cannot use JSX unless the '--jsx' flag is provided.
src/ResourceVillageUI.tsx(10072,41): error TS17004: Cannot use JSX unless the '--jsx' flag is provided.
src/ResourceVillageUI.tsx(10076,39): error TS17004: Cannot use JSX unless the '--jsx' flag is provided.
src/ResourceVillageUI.tsx(10082,37): error TS17004: Cannot use JSX unless the '--jsx' flag is provided.
src/ResourceVillageUI.tsx(10083,39): error TS17004: Cannot use JSX unless the '--jsx' flag is provided.
src/ResourceVillageUI.tsx(10084,39): error TS17004: Cannot use JSX unless the '--jsx' flag is provided.
src/ResourceVillageUI.tsx(10085,41): error TS17004: Cannot use JSX unless the '--jsx' flag is provided.
src/ResourceVillageUI.tsx(10086,139): error TS17004: Cannot use JSX unless the '--jsx' flag is provided.
src/ResourceVillageUI.tsx(10088,41): error TS17004: Cannot use JSX unless the '--jsx' flag is provided.
src/ResourceVillageUI.tsx(10089,86): error TS17004: Cannot use JSX unless the '--jsx' flag is provided.
src/ResourceVillageUI.tsx(10091,41): error TS17004: Cannot use JSX unless the '--jsx' flag is provided.
src/ResourceVillageUI.tsx(10092,98): error TS17004: Cannot use JSX unless the '--jsx' flag is provided.
src/ResourceVillageUI.tsx(10092,174): error TS17004: Cannot use JSX unless the '--jsx' flag is provided.
src/ResourceVillageUI.tsx(10095,43): error TS17004: Cannot use JSX unless the '--jsx' flag is provided.
src/ResourceVillageUI.tsx(10099,43): error TS17004: Cannot use JSX unless the '--jsx' flag is provided.
src/ResourceVillageUI.tsx(10106,39): error TS17004: Cannot use JSX unless the '--jsx' flag is provided.
src/ResourceVillageUI.tsx(10107,41): error TS17004: Cannot use JSX unless the '--jsx' flag is provided.
src/ResourceVillageUI.tsx(10110,41): error TS17004: Cannot use JSX unless the '--jsx' flag is provided.
src/ResourceVillageUI.tsx(10111,43): error TS17004: Cannot use JSX unless the '--jsx' flag is provided.
src/ResourceVillageUI.tsx(10112,45): error TS17004: Cannot use JSX unless the '--jsx' flag is provided.
src/ResourceVillageUI.tsx(10113,47): error TS17004: Cannot use JSX unless the '--jsx' flag is provided.
src/ResourceVillageUI.tsx(10114,49): error TS17004: Cannot use JSX unless the '--jsx' flag is provided.
src/ResourceVillageUI.tsx(10115,49): error TS17004: Cannot use JSX unless the '--jsx' flag is provided.
src/ResourceVillageUI.tsx(10116,49): error TS17004: Cannot use JSX unless the '--jsx' flag is provided.
src/ResourceVillageUI.tsx(10117,49): error TS17004: Cannot use JSX unless the '--jsx' flag is provided.
src/ResourceVillageUI.tsx(10118,49): error TS17004: Cannot use JSX unless the '--jsx' flag is provided.
src/ResourceVillageUI.tsx(10119,49): error TS17004: Cannot use JSX unless the '--jsx' flag is provided.
src/ResourceVillageUI.tsx(10122,45): error TS17004: Cannot use JSX unless the '--jsx' flag is provided.
src/ResourceVillageUI.tsx(10129,51): error TS17004: Cannot use JSX unless the '--jsx' flag is provided.
src/ResourceVillageUI.tsx(10130,53): error TS17004: Cannot use JSX unless the '--jsx' flag is provided.
src/ResourceVillageUI.tsx(10131,53): error TS17004: Cannot use JSX unless the '--jsx' flag is provided.
src/ResourceVillageUI.tsx(10132,55): error TS17004: Cannot use JSX unless the '--jsx' flag is provided.
src/ResourceVillageUI.tsx(10133,55): error TS17004: Cannot use JSX unless the '--jsx' flag is provided.
src/ResourceVillageUI.tsx(10135,57): error TS17004: Cannot use JSX unless the '--jsx' flag is provided.
src/ResourceVillageUI.tsx(10140,53): error TS17004: Cannot use JSX unless the '--jsx' flag is provided.
src/ResourceVillageUI.tsx(10141,55): error TS17004: Cannot use JSX unless the '--jsx' flag is provided.
src/ResourceVillageUI.tsx(10143,57): error TS17004: Cannot use JSX unless the '--jsx' flag is provided.
src/ResourceVillageUI.tsx(10148,53): error TS17004: Cannot use JSX unless the '--jsx' flag is provided.
src/ResourceVillageUI.tsx(10149,53): error TS17004: Cannot use JSX unless the '--jsx' flag is provided.
src/ResourceVillageUI.tsx(10150,53): error TS17004: Cannot use JSX unless the '--jsx' flag is provided.
src/ResourceVillageUI.tsx(10159,41): error TS17004: Cannot use JSX unless the '--jsx' flag is provided.
src/ResourceVillageUI.tsx(10168,39): error TS17004: Cannot use JSX unless the '--jsx' flag is provided.
src/ResourceVillageUI.tsx(10169,41): error TS17004: Cannot use JSX unless the '--jsx' flag is provided.
src/ResourceVillageUI.tsx(10177,45): error TS17004: Cannot use JSX unless the '--jsx' flag is provided.
src/ResourceVillageUI.tsx(10178,47): error TS17004: Cannot use JSX unless the '--jsx' flag is provided.
src/ResourceVillageUI.tsx(10179,49): error TS17004: Cannot use JSX unless the '--jsx' flag is provided.
src/ResourceVillageUI.tsx(10180,78): error TS17004: Cannot use JSX unless the '--jsx' flag is provided.
src/ResourceVillageUI.tsx(10182,49): error TS17004: Cannot use JSX unless the '--jsx' flag is provided.
src/ResourceVillageUI.tsx(10183,69): error TS17004: Cannot use JSX unless the '--jsx' flag is provided.
src/ResourceVillageUI.tsx(10185,49): error TS17004: Cannot use JSX unless the '--jsx' flag is provided.
src/ResourceVillageUI.tsx(10186,70): error TS17004: Cannot use JSX unless the '--jsx' flag is provided.
src/ResourceVillageUI.tsx(10188,49): error TS17004: Cannot use JSX unless the '--jsx' flag is provided.
src/ResourceVillageUI.tsx(10189,70): error TS17004: Cannot use JSX unless the '--jsx' flag is provided.
src/ResourceVillageUI.tsx(10191,49): error TS17004: Cannot use JSX unless the '--jsx' flag is provided.
src/ResourceVillageUI.tsx(10192,51): error TS17004: Cannot use JSX unless the '--jsx' flag is provided.
src/ResourceVillageUI.tsx(10193,51): error TS17004: Cannot use JSX unless the '--jsx' flag is provided.
src/ResourceVillageUI.tsx(10194,53): error TS17004: Cannot use JSX unless the '--jsx' flag is provided.
src/ResourceVillageUI.tsx(10195,55): error TS17004: Cannot use JSX unless the '--jsx' flag is provided.
src/ResourceVillageUI.tsx(10196,55): error TS17004: Cannot use JSX unless the '--jsx' flag is provided.
src/ResourceVillageUI.tsx(10198,53): error TS17004: Cannot use JSX unless the '--jsx' flag is provided.
src/ResourceVillageUI.tsx(10199,55): error TS17004: Cannot use JSX unless the '--jsx' flag is provided.
src/ResourceVillageUI.tsx(10200,55): error TS17004: Cannot use JSX unless the '--jsx' flag is provided.
src/ResourceVillageUI.tsx(10207,47): error TS17004: Cannot use JSX unless the '--jsx' flag is provided.
src/ResourceVillageUI.tsx(10208,49): error TS17004: Cannot use JSX unless the '--jsx' flag is provided.
src/ResourceVillageUI.tsx(10211,49): error TS17004: Cannot use JSX unless the '--jsx' flag is provided.
src/ResourceVillageUI.tsx(10212,51): error TS17004: Cannot use JSX unless the '--jsx' flag is provided.
src/ResourceVillageUI.tsx(10213,53): error TS17004: Cannot use JSX unless the '--jsx' flag is provided.
src/ResourceVillageUI.tsx(10214,55): error TS17004: Cannot use JSX unless the '--jsx' flag is provided.
src/ResourceVillageUI.tsx(10215,57): error TS17004: Cannot use JSX unless the '--jsx' flag is provided.
src/ResourceVillageUI.tsx(10216,57): error TS17004: Cannot use JSX unless the '--jsx' flag is provided.
src/ResourceVillageUI.tsx(10217,57): error TS17004: Cannot use JSX unless the '--jsx' flag is provided.
src/ResourceVillageUI.tsx(10218,57): error TS17004: Cannot use JSX unless the '--jsx' flag is provided.
src/ResourceVillageUI.tsx(10219,57): error TS17004: Cannot use JSX unless the '--jsx' flag is provided.
src/ResourceVillageUI.tsx(10220,57): error TS17004: Cannot use JSX unless the '--jsx' flag is provided.
src/ResourceVillageUI.tsx(10221,57): error TS17004: Cannot use JSX unless the '--jsx' flag is provided.
src/ResourceVillageUI.tsx(10222,57): error TS17004: Cannot use JSX unless the '--jsx' flag is provided.
src/ResourceVillageUI.tsx(10225,53): error TS17004: Cannot use JSX unless the '--jsx' flag is provided.
src/ResourceVillageUI.tsx(10232,59): error TS17004: Cannot use JSX unless the '--jsx' flag is provided.
src/ResourceVillageUI.tsx(10233,61): error TS17004: Cannot use JSX unless the '--jsx' flag is provided.
src/ResourceVillageUI.tsx(10234,61): error TS17004: Cannot use JSX unless the '--jsx' flag is provided.
src/ResourceVillageUI.tsx(10235,61): error TS17004: Cannot use JSX unless the '--jsx' flag is provided.
src/ResourceVillageUI.tsx(10236,61): error TS17004: Cannot use JSX unless the '--jsx' flag is provided.
src/ResourceVillageUI.tsx(10237,61): error TS17004: Cannot use JSX unless the '--jsx' flag is provided.
src/ResourceVillageUI.tsx(10238,63): error TS17004: Cannot use JSX unless the '--jsx' flag is provided.
src/ResourceVillageUI.tsx(10240,65): error TS17004: Cannot use JSX unless the '--jsx' flag is provided.
src/ResourceVillageUI.tsx(10245,61): error TS17004: Cannot use JSX unless the '--jsx' flag is provided.
src/ResourceVillageUI.tsx(10246,63): error TS17004: Cannot use JSX unless the '--jsx' flag is provided.
src/ResourceVillageUI.tsx(10248,65): error TS17004: Cannot use JSX unless the '--jsx' flag is provided.
src/ResourceVillageUI.tsx(10253,61): error TS17004: Cannot use JSX unless the '--jsx' flag is provided.
src/ResourceVillageUI.tsx(10254,61): error TS17004: Cannot use JSX unless the '--jsx' flag is provided.
src/ResourceVillageUI.tsx(10263,49): error TS17004: Cannot use JSX unless the '--jsx' flag is provided.
src/ResourceVillageUI.tsx(10274,37): error TS17004: Cannot use JSX unless the '--jsx' flag is provided.
src/ResourceVillageUI.tsx(10275,39): error TS17004: Cannot use JSX unless the '--jsx' flag is provided.
src/ResourceVillageUI.tsx(10276,39): error TS17004: Cannot use JSX unless the '--jsx' flag is provided.
src/ResourceVillageUI.tsx(10277,41): error TS17004: Cannot use JSX unless the '--jsx' flag is provided.
src/ResourceVillageUI.tsx(10278,43): error TS17004: Cannot use JSX unless the '--jsx' flag is provided.
src/ResourceVillageUI.tsx(10279,43): error TS17004: Cannot use JSX unless the '--jsx' flag is provided.
src/ResourceVillageUI.tsx(10283,41): error TS17004: Cannot use JSX unless the '--jsx' flag is provided.
src/ResourceVillageUI.tsx(10284,43): error TS17004: Cannot use JSX unless the '--jsx' flag is provided.
src/ResourceVillageUI.tsx(10285,43): error TS17004: Cannot use JSX unless the '--jsx' flag is provided.
src/ResourceVillageUI.tsx(10396,13): error TS17004: Cannot use JSX unless the '--jsx' flag is provided.
src/ResourceVillageUI.tsx(10404,15): error TS17004: Cannot use JSX unless the '--jsx' flag is provided.
src/ResourceVillageUI.tsx(10409,17): error TS17004: Cannot use JSX unless the '--jsx' flag is provided.
src/ResourceVillageUI.tsx(10411,19): error TS17004: Cannot use JSX unless the '--jsx' flag is provided.
src/ResourceVillageUI.tsx(10413,23): error TS17004: Cannot use JSX unless the '--jsx' flag is provided.
src/ResourceVillageUI.tsx(10415,23): error TS17004: Cannot use JSX unless the '--jsx' flag is provided.
src/ResourceVillageUI.tsx(10420,19): error TS17004: Cannot use JSX unless the '--jsx' flag is provided.
src/ResourceVillageUI.tsx(10421,21): error TS17004: Cannot use JSX unless the '--jsx' flag is provided.
src/ResourceVillageUI.tsx(10422,21): error TS17004: Cannot use JSX unless the '--jsx' flag is provided.
src/ResourceVillageUI.tsx(10423,23): error TS17004: Cannot use JSX unless the '--jsx' flag is provided.
src/ResourceVillageUI.tsx(10424,23): error TS17004: Cannot use JSX unless the '--jsx' flag is provided.
src/ResourceVillageUI.tsx(10425,23): error TS17004: Cannot use JSX unless the '--jsx' flag is provided.
src/ResourceVillageUI.tsx(10426,23): error TS17004: Cannot use JSX unless the '--jsx' flag is provided.
src/ResourceVillageUI.tsx(10431,19): error TS17004: Cannot use JSX unless the '--jsx' flag is provided.
src/ResourceVillageUI.tsx(10436,21): error TS17004: Cannot use JSX unless the '--jsx' flag is provided.
src/ResourceVillageUI.tsx(10437,23): error TS17004: Cannot use JSX unless the '--jsx' flag is provided.
src/ResourceVillageUI.tsx(10443,17): error TS17004: Cannot use JSX unless the '--jsx' flag is provided.
src/ResourceVillageUI.tsx(10445,19): error TS17004: Cannot use JSX unless the '--jsx' flag is provided.
src/ResourceVillageUI.tsx(10446,21): error TS17004: Cannot use JSX unless the '--jsx' flag is provided.
src/ResourceVillageUI.tsx(10447,21): error TS17004: Cannot use JSX unless the '--jsx' flag is provided.
src/ResourceVillageUI.tsx(10449,25): error TS17004: Cannot use JSX unless the '--jsx' flag is provided.
src/ResourceVillageUI.tsx(10450,27): error TS17004: Cannot use JSX unless the '--jsx' flag is provided.
src/ResourceVillageUI.tsx(10455,27): error TS17004: Cannot use JSX unless the '--jsx' flag is provided.
src/ResourceVillageUI.tsx(10456,29): error TS17004: Cannot use JSX unless the '--jsx' flag is provided.
src/ResourceVillageUI.tsx(10459,29): error TS17004: Cannot use JSX unless the '--jsx' flag is provided.
src/ResourceVillageUI.tsx(10464,25): error TS17004: Cannot use JSX unless the '--jsx' flag is provided.
src/ResourceVillageUI.tsx(10465,27): error TS17004: Cannot use JSX unless the '--jsx' flag is provided.
src/ResourceVillageUI.tsx(10470,27): error TS17004: Cannot use JSX unless the '--jsx' flag is provided.
src/ResourceVillageUI.tsx(10471,29): error TS17004: Cannot use JSX unless the '--jsx' flag is provided.
src/ResourceVillageUI.tsx(10474,29): error TS17004: Cannot use JSX unless the '--jsx' flag is provided.
src/ResourceVillageUI.tsx(10480,23): error TS17004: Cannot use JSX unless the '--jsx' flag is provided.
src/ResourceVillageUI.tsx(10486,21): error TS17004: Cannot use JSX unless the '--jsx' flag is provided.
src/ResourceVillageUI.tsx(10487,23): error TS17004: Cannot use JSX unless the '--jsx' flag is provided.
src/ResourceVillageUI.tsx(10488,23): error TS17004: Cannot use JSX unless the '--jsx' flag is provided.
src/ResourceVillageUI.tsx(10490,27): error TS17004: Cannot use JSX unless the '--jsx' flag is provided.
src/ResourceVillageUI.tsx(10491,29): error TS17004: Cannot use JSX unless the '--jsx' flag is provided.
src/ResourceVillageUI.tsx(10492,29): error TS17004: Cannot use JSX unless the '--jsx' flag is provided.
src/ResourceVillageUI.tsx(10501,17): error TS17004: Cannot use JSX unless the '--jsx' flag is provided.
src/ResourceVillageUI.tsx(10502,19): error TS17004: Cannot use JSX unless the '--jsx' flag is provided.
src/ResourceVillageUI.tsx(10508,19): error TS17004: Cannot use JSX unless the '--jsx' flag is provided.
src/ResourceVillageUI.tsx(10528,34): error TS2550: Property 'find' does not exist on type 'Banner[]'. Do you need to change your target library? Try changing the 'lib' compiler option to 'es2015' or later.
src/ResourceVillageUI.tsx(10531,13): error TS17004: Cannot use JSX unless the '--jsx' flag is provided.
src/ResourceVillageUI.tsx(10532,15): error TS17004: Cannot use JSX unless the '--jsx' flag is provided.
src/ResourceVillageUI.tsx(10533,17): error TS17004: Cannot use JSX unless the '--jsx' flag is provided.
src/ResourceVillageUI.tsx(10534,17): error TS17004: Cannot use JSX unless the '--jsx' flag is provided.
src/ResourceVillageUI.tsx(10535,97): error TS17004: Cannot use JSX unless the '--jsx' flag is provided.
src/ResourceVillageUI.tsx(10537,17): error TS17004: Cannot use JSX unless the '--jsx' flag is provided.
src/ResourceVillageUI.tsx(10538,19): error TS17004: Cannot use JSX unless the '--jsx' flag is provided.
src/ResourceVillageUI.tsx(10539,19): error TS17004: Cannot use JSX unless the '--jsx' flag is provided.
src/ResourceVillageUI.tsx(10541,21): error TS17004: Cannot use JSX unless the '--jsx' flag is provided.
src/ResourceVillageUI.tsx(10541,35): error TS17004: Cannot use JSX unless the '--jsx' flag is provided.
src/ResourceVillageUI.tsx(10544,21): error TS17004: Cannot use JSX unless the '--jsx' flag is provided.
src/ResourceVillageUI.tsx(10547,21): error TS17004: Cannot use JSX unless the '--jsx' flag is provided.
src/ResourceVillageUI.tsx(10550,17): error TS17004: Cannot use JSX unless the '--jsx' flag is provided.
src/ResourceVillageUI.tsx(10551,19): error TS17004: Cannot use JSX unless the '--jsx' flag is provided.
src/ResourceVillageUI.tsx(10557,19): error TS17004: Cannot use JSX unless the '--jsx' flag is provided.
src/ResourceVillageUI.tsx(10573,11): error TS17004: Cannot use JSX unless the '--jsx' flag is provided.
src/ResourceVillageUI.tsx(10574,13): error TS17004: Cannot use JSX unless the '--jsx' flag is provided.
src/ResourceVillageUI.tsx(10575,15): error TS17004: Cannot use JSX unless the '--jsx' flag is provided.
src/ResourceVillageUI.tsx(10576,15): error TS17004: Cannot use JSX unless the '--jsx' flag is provided.
src/ResourceVillageUI.tsx(10577,50): error TS17004: Cannot use JSX unless the '--jsx' flag is provided.
src/ResourceVillageUI.tsx(10579,15): error TS17004: Cannot use JSX unless the '--jsx' flag is provided.
src/ResourceVillageUI.tsx(10580,17): error TS17004: Cannot use JSX unless the '--jsx' flag is provided.
src/ResourceVillageUI.tsx(10581,17): error TS17004: Cannot use JSX unless the '--jsx' flag is provided.
src/ResourceVillageUI.tsx(10582,17): error TS17004: Cannot use JSX unless the '--jsx' flag is provided.
src/ResourceVillageUI.tsx(10584,15): error TS17004: Cannot use JSX unless the '--jsx' flag is provided.
src/ResourceVillageUI.tsx(10585,17): error TS17004: Cannot use JSX unless the '--jsx' flag is provided.
src/ResourceVillageUI.tsx(10591,17): error TS17004: Cannot use JSX unless the '--jsx' flag is provided.
src/ResourceVillageUI.tsx(10609,42): error TS2550: Property 'find' does not exist on type 'Expedition[]'. Do you need to change your target library? Try changing the 'lib' compiler option to 'es2015' or later.
src/ResourceVillageUI.tsx(10616,13): error TS17004: Cannot use JSX unless the '--jsx' flag is provided.
src/ResourceVillageUI.tsx(10617,15): error TS17004: Cannot use JSX unless the '--jsx' flag is provided.
src/ResourceVillageUI.tsx(10618,17): error TS17004: Cannot use JSX unless the '--jsx' flag is provided.
src/ResourceVillageUI.tsx(10619,17): error TS17004: Cannot use JSX unless the '--jsx' flag is provided.
src/ResourceVillageUI.tsx(10620,19): error TS17004: Cannot use JSX unless the '--jsx' flag is provided.
src/ResourceVillageUI.tsx(10621,21): error TS17004: Cannot use JSX unless the '--jsx' flag is provided.
src/ResourceVillageUI.tsx(10622,21): error TS17004: Cannot use JSX unless the '--jsx' flag is provided.
src/ResourceVillageUI.tsx(10628,19): error TS17004: Cannot use JSX unless the '--jsx' flag is provided.
src/ResourceVillageUI.tsx(10629,21): error TS17004: Cannot use JSX unless the '--jsx' flag is provided.
src/ResourceVillageUI.tsx(10630,21): error TS17004: Cannot use JSX unless the '--jsx' flag is provided.
src/ResourceVillageUI.tsx(10639,17): error TS17004: Cannot use JSX unless the '--jsx' flag is provided.
src/ResourceVillageUI.tsx(10640,19): error TS17004: Cannot use JSX unless the '--jsx' flag is provided.
src/ResourceVillageUI.tsx(10646,19): error TS17004: Cannot use JSX unless the '--jsx' flag is provided.
src/ResourceVillageUI.tsx(10654,92): error TS2550: Property 'includes' does not exist on type 'number[]'. Do you need to change your target library? Try changing the 'lib' compiler option to 'es2016' or later.
src/ResourceVillageUI.tsx(10685,11): error TS17004: Cannot use JSX unless the '--jsx' flag is provided.
src/ResourceVillageUI.tsx(10686,13): error TS17004: Cannot use JSX unless the '--jsx' flag is provided.
src/ResourceVillageUI.tsx(10687,15): error TS17004: Cannot use JSX unless the '--jsx' flag is provided.
src/ResourceVillageUI.tsx(10688,15): error TS17004: Cannot use JSX unless the '--jsx' flag is provided.
src/ResourceVillageUI.tsx(10689,27): error TS17004: Cannot use JSX unless the '--jsx' flag is provided.
src/ResourceVillageUI.tsx(10689,84): error TS17004: Cannot use JSX unless the '--jsx' flag is provided.
src/ResourceVillageUI.tsx(10691,15): error TS17004: Cannot use JSX unless the '--jsx' flag is provided.
src/ResourceVillageUI.tsx(10692,17): error TS17004: Cannot use JSX unless the '--jsx' flag is provided.
src/ResourceVillageUI.tsx(10692,39): error TS17004: Cannot use JSX unless the '--jsx' flag is provided.
src/ResourceVillageUI.tsx(10693,17): error TS17004: Cannot use JSX unless the '--jsx' flag is provided.
src/ResourceVillageUI.tsx(10693,33): error TS17004: Cannot use JSX unless the '--jsx' flag is provided.
src/ResourceVillageUI.tsx(10694,17): error TS17004: Cannot use JSX unless the '--jsx' flag is provided.
src/ResourceVillageUI.tsx(10698,15): error TS17004: Cannot use JSX unless the '--jsx' flag is provided.
src/ResourceVillageUI.tsx(10699,17): error TS17004: Cannot use JSX unless the '--jsx' flag is provided.
src/ResourceVillageUI.tsx(10705,17): error TS17004: Cannot use JSX unless the '--jsx' flag is provided.
src/ResourceVillageUI.tsx(10715,44): error TS2550: Property 'find' does not exist on type 'Banner[]'. Do you need to change your target library? Try changing the 'lib' compiler option to 'es2015' or later.
src/ResourceVillageUI.tsx(10770,11): error TS17004: Cannot use JSX unless the '--jsx' flag is provided.
src/ResourceVillageUI.tsx(10771,13): error TS17004: Cannot use JSX unless the '--jsx' flag is provided.
src/ResourceVillageUI.tsx(10772,15): error TS17004: Cannot use JSX unless the '--jsx' flag is provided.
src/ResourceVillageUI.tsx(10773,15): error TS17004: Cannot use JSX unless the '--jsx' flag is provided.
src/ResourceVillageUI.tsx(10774,46): error TS17004: Cannot use JSX unless the '--jsx' flag is provided.
src/ResourceVillageUI.tsx(10776,15): error TS17004: Cannot use JSX unless the '--jsx' flag is provided.
src/ResourceVillageUI.tsx(10777,17): error TS17004: Cannot use JSX unless the '--jsx' flag is provided.
src/ResourceVillageUI.tsx(10777,45): error TS17004: Cannot use JSX unless the '--jsx' flag is provided.
src/ResourceVillageUI.tsx(10778,17): error TS17004: Cannot use JSX unless the '--jsx' flag is provided.
src/ResourceVillageUI.tsx(10779,31): error TS17004: Cannot use JSX unless the '--jsx' flag is provided.
src/ResourceVillageUI.tsx(10782,19): error TS17004: Cannot use JSX unless the '--jsx' flag is provided.
src/ResourceVillageUI.tsx(10787,15): error TS17004: Cannot use JSX unless the '--jsx' flag is provided.
src/ResourceVillageUI.tsx(10788,17): error TS17004: Cannot use JSX unless the '--jsx' flag is provided.
src/ResourceVillageUI.tsx(10794,17): error TS17004: Cannot use JSX unless the '--jsx' flag is provided.
src/ResourceVillageUI.tsx(10802,44): error TS2550: Property 'find' does not exist on type 'Banner[]'. Do you need to change your target library? Try changing the 'lib' compiler option to 'es2015' or later.
src/ResourceVillageUI.tsx(10871,11): error TS17004: Cannot use JSX unless the '--jsx' flag is provided.
src/ResourceVillageUI.tsx(10872,13): error TS17004: Cannot use JSX unless the '--jsx' flag is provided.
src/ResourceVillageUI.tsx(10873,15): error TS17004: Cannot use JSX unless the '--jsx' flag is provided.
src/ResourceVillageUI.tsx(10874,15): error TS17004: Cannot use JSX unless the '--jsx' flag is provided.
src/ResourceVillageUI.tsx(10874,56): error TS17004: Cannot use JSX unless the '--jsx' flag is provided.
src/ResourceVillageUI.tsx(10875,15): error TS17004: Cannot use JSX unless the '--jsx' flag is provided.
src/ResourceVillageUI.tsx(10876,17): error TS17004: Cannot use JSX unless the '--jsx' flag is provided.
src/ResourceVillageUI.tsx(10884,7): error TS17004: Cannot use JSX unless the '--jsx' flag is provided.
src/ResourceVillageUI.tsx(10892,7): error TS17004: Cannot use JSX unless the '--jsx' flag is provided.
src/ResourceVillageUI.tsx(10903,11): error TS17004: Cannot use JSX unless the '--jsx' flag is provided.
src/ResourceVillageUI.tsx(10904,13): error TS17004: Cannot use JSX unless the '--jsx' flag is provided.
src/ResourceVillageUI.tsx(10905,15): error TS17004: Cannot use JSX unless the '--jsx' flag is provided.
src/ResourceVillageUI.tsx(10906,17): error TS17004: Cannot use JSX unless the '--jsx' flag is provided.
src/ResourceVillageUI.tsx(10906,78): error TS2550: Property 'find' does not exist on type 'Mission[]'. Do you need to change your target library? Try changing the 'lib' compiler option to 'es2015' or later.
src/ResourceVillageUI.tsx(10907,17): error TS17004: Cannot use JSX unless the '--jsx' flag is provided.
src/ResourceVillageUI.tsx(10908,44): error TS2550: Property 'find' does not exist on type 'Mission[]'. Do you need to change your target library? Try changing the 'lib' compiler option to 'es2015' or later.
src/ResourceVillageUI.tsx(10923,15): error TS17004: Cannot use JSX unless the '--jsx' flag is provided.
src/ResourceVillageUI.tsx(10924,17): error TS17004: Cannot use JSX unless the '--jsx' flag is provided.
src/ResourceVillageUI.tsx(10925,19): error TS17004: Cannot use JSX unless the '--jsx' flag is provided.
src/ResourceVillageUI.tsx(10926,19): error TS17004: Cannot use JSX unless the '--jsx' flag is provided.
src/ResourceVillageUI.tsx(10927,21): error TS17004: Cannot use JSX unless the '--jsx' flag is provided.
src/ResourceVillageUI.tsx(10928,21): error TS17004: Cannot use JSX unless the '--jsx' flag is provided.
src/ResourceVillageUI.tsx(10929,21): error TS17004: Cannot use JSX unless the '--jsx' flag is provided.
src/ResourceVillageUI.tsx(10930,21): error TS17004: Cannot use JSX unless the '--jsx' flag is provided.
src/ResourceVillageUI.tsx(10931,21): error TS17004: Cannot use JSX unless the '--jsx' flag is provided.
src/ResourceVillageUI.tsx(10932,21): error TS17004: Cannot use JSX unless the '--jsx' flag is provided.
src/ResourceVillageUI.tsx(10933,21): error TS17004: Cannot use JSX unless the '--jsx' flag is provided.
src/ResourceVillageUI.tsx(10934,21): error TS17004: Cannot use JSX unless the '--jsx' flag is provided.
src/ResourceVillageUI.tsx(10935,21): error TS17004: Cannot use JSX unless the '--jsx' flag is provided.
src/ResourceVillageUI.tsx(10938,17): error TS17004: Cannot use JSX unless the '--jsx' flag is provided.
src/ResourceVillageUI.tsx(10939,19): error TS17004: Cannot use JSX unless the '--jsx' flag is provided.
src/ResourceVillageUI.tsx(10940,19): error TS17004: Cannot use JSX unless the '--jsx' flag is provided.
src/ResourceVillageUI.tsx(10941,21): error TS17004: Cannot use JSX unless the '--jsx' flag is provided.
src/ResourceVillageUI.tsx(10942,21): error TS17004: Cannot use JSX unless the '--jsx' flag is provided.
src/ResourceVillageUI.tsx(10943,21): error TS17004: Cannot use JSX unless the '--jsx' flag is provided.
src/ResourceVillageUI.tsx(10944,21): error TS17004: Cannot use JSX unless the '--jsx' flag is provided.
src/ResourceVillageUI.tsx(10945,21): error TS17004: Cannot use JSX unless the '--jsx' flag is provided.
src/ResourceVillageUI.tsx(10946,21): error TS17004: Cannot use JSX unless the '--jsx' flag is provided.
src/ResourceVillageUI.tsx(10947,21): error TS17004: Cannot use JSX unless the '--jsx' flag is provided.
src/ResourceVillageUI.tsx(10948,21): error TS17004: Cannot use JSX unless the '--jsx' flag is provided.
src/ResourceVillageUI.tsx(10949,21): error TS17004: Cannot use JSX unless the '--jsx' flag is provided.
src/ResourceVillageUI.tsx(10954,15): error TS17004: Cannot use JSX unless the '--jsx' flag is provided.
src/ResourceVillageUI.tsx(10955,17): error TS17004: Cannot use JSX unless the '--jsx' flag is provided.
src/ResourceVillageUI.tsx(10956,19): error TS17004: Cannot use JSX unless the '--jsx' flag is provided.
src/ResourceVillageUI.tsx(10957,21): error TS17004: Cannot use JSX unless the '--jsx' flag is provided.
src/ResourceVillageUI.tsx(10958,21): error TS17004: Cannot use JSX unless the '--jsx' flag is provided.
src/ResourceVillageUI.tsx(10959,31): error TS17004: Cannot use JSX unless the '--jsx' flag is provided.
src/ResourceVillageUI.tsx(10963,21): error TS17004: Cannot use JSX unless the '--jsx' flag is provided.
src/ResourceVillageUI.tsx(10965,19): error TS17004: Cannot use JSX unless the '--jsx' flag is provided.
src/ResourceVillageUI.tsx(10966,21): error TS17004: Cannot use JSX unless the '--jsx' flag is provided.
src/ResourceVillageUI.tsx(10967,21): error TS17004: Cannot use JSX unless the '--jsx' flag is provided.
src/ResourceVillageUI.tsx(10968,23): error TS17004: Cannot use JSX unless the '--jsx' flag is provided.
src/ResourceVillageUI.tsx(10969,25): error TS17004: Cannot use JSX unless the '--jsx' flag is provided.
src/ResourceVillageUI.tsx(10970,25): error TS17004: Cannot use JSX unless the '--jsx' flag is provided.
src/ResourceVillageUI.tsx(10972,23): error TS17004: Cannot use JSX unless the '--jsx' flag is provided.
src/ResourceVillageUI.tsx(10973,25): error TS17004: Cannot use JSX unless the '--jsx' flag is provided.
src/ResourceVillageUI.tsx(10974,25): error TS17004: Cannot use JSX unless the '--jsx' flag is provided.
src/ResourceVillageUI.tsx(10983,40): error TS2550: Property 'find' does not exist on type 'Banner[]'. Do you need to change your target library? Try changing the 'lib' compiler option to 'es2015' or later.
src/ResourceVillageUI.tsx(10990,19): error TS17004: Cannot use JSX unless the '--jsx' flag is provided.
src/ResourceVillageUI.tsx(10991,21): error TS17004: Cannot use JSX unless the '--jsx' flag is provided.
src/ResourceVillageUI.tsx(10995,23): error TS17004: Cannot use JSX unless the '--jsx' flag is provided.
src/ResourceVillageUI.tsx(10996,25): error TS17004: Cannot use JSX unless the '--jsx' flag is provided.
src/ResourceVillageUI.tsx(10997,25): error TS17004: Cannot use JSX unless the '--jsx' flag is provided.
src/ResourceVillageUI.tsx(11000,23): error TS17004: Cannot use JSX unless the '--jsx' flag is provided.
src/ResourceVillageUI.tsx(11001,25): error TS17004: Cannot use JSX unless the '--jsx' flag is provided.
src/ResourceVillageUI.tsx(11002,27): error TS17004: Cannot use JSX unless the '--jsx' flag is provided.
src/ResourceVillageUI.tsx(11003,29): error TS17004: Cannot use JSX unless the '--jsx' flag is provided.
src/ResourceVillageUI.tsx(11004,29): error TS17004: Cannot use JSX unless the '--jsx' flag is provided.
src/ResourceVillageUI.tsx(11006,27): error TS17004: Cannot use JSX unless the '--jsx' flag is provided.
src/ResourceVillageUI.tsx(11007,29): error TS17004: Cannot use JSX unless the '--jsx' flag is provided.
src/ResourceVillageUI.tsx(11008,29): error TS17004: Cannot use JSX unless the '--jsx' flag is provided.
src/ResourceVillageUI.tsx(11010,27): error TS17004: Cannot use JSX unless the '--jsx' flag is provided.
src/ResourceVillageUI.tsx(11011,29): error TS17004: Cannot use JSX unless the '--jsx' flag is provided.
src/ResourceVillageUI.tsx(11012,29): error TS17004: Cannot use JSX unless the '--jsx' flag is provided.
src/ResourceVillageUI.tsx(11016,27): error TS17004: Cannot use JSX unless the '--jsx' flag is provided.
src/ResourceVillageUI.tsx(11017,29): error TS17004: Cannot use JSX unless the '--jsx' flag is provided.
src/ResourceVillageUI.tsx(11018,29): error TS17004: Cannot use JSX unless the '--jsx' flag is provided.
src/ResourceVillageUI.tsx(11023,35): error TS17004: Cannot use JSX unless the '--jsx' flag is provided.
src/ResourceVillageUI.tsx(11024,37): error TS17004: Cannot use JSX unless the '--jsx' flag is provided.
src/ResourceVillageUI.tsx(11027,37): error TS17004: Cannot use JSX unless the '--jsx' flag is provided.
src/ResourceVillageUI.tsx(11029,41): error TS17004: Cannot use JSX unless the '--jsx' flag is provided.
src/ResourceVillageUI.tsx(11031,41): error TS17004: Cannot use JSX unless the '--jsx' flag is provided.
src/ResourceVillageUI.tsx(11032,43): error TS17004: Cannot use JSX unless the '--jsx' flag is provided.
src/ResourceVillageUI.tsx(11036,45): error TS17004: Cannot use JSX unless the '--jsx' flag is provided.
src/ResourceVillageUI.tsx(11057,17): error TS17004: Cannot use JSX unless the '--jsx' flag is provided.
src/ResourceVillageUI.tsx(11058,19): error TS17004: Cannot use JSX unless the '--jsx' flag is provided.
src/ResourceVillageUI.tsx(11061,19): error TS17004: Cannot use JSX unless the '--jsx' flag is provided.
src/ResourceVillageUI.tsx(11063,21): error TS17004: Cannot use JSX unless the '--jsx' flag is provided.
src/ResourceVillageUI.tsx(11064,23): error TS17004: Cannot use JSX unless the '--jsx' flag is provided.
src/ResourceVillageUI.tsx(11065,23): error TS17004: Cannot use JSX unless the '--jsx' flag is provided.
src/ResourceVillageUI.tsx(11072,23): error TS17004: Cannot use JSX unless the '--jsx' flag is provided.
src/ResourceVillageUI.tsx(11073,25): error TS17004: Cannot use JSX unless the '--jsx' flag is provided.
src/ResourceVillageUI.tsx(11074,25): error TS17004: Cannot use JSX unless the '--jsx' flag is provided.
src/ResourceVillageUI.tsx(11075,27): error TS17004: Cannot use JSX unless the '--jsx' flag is provided.
src/ResourceVillageUI.tsx(11076,27): error TS17004: Cannot use JSX unless the '--jsx' flag is provided.
src/ResourceVillageUI.tsx(11077,27): error TS17004: Cannot use JSX unless the '--jsx' flag is provided.
src/ResourceVillageUI.tsx(11084,23): error TS17004: Cannot use JSX unless the '--jsx' flag is provided.
src/ResourceVillageUI.tsx(11085,25): error TS17004: Cannot use JSX unless the '--jsx' flag is provided.
src/ResourceVillageUI.tsx(11086,25): error TS17004: Cannot use JSX unless the '--jsx' flag is provided.
src/ResourceVillageUI.tsx(11087,27): error TS17004: Cannot use JSX unless the '--jsx' flag is provided.
src/ResourceVillageUI.tsx(11088,27): error TS17004: Cannot use JSX unless the '--jsx' flag is provided.
src/ResourceVillageUI.tsx(11089,27): error TS17004: Cannot use JSX unless the '--jsx' flag is provided.
src/ResourceVillageUI.tsx(11095,21): error TS17004: Cannot use JSX unless the '--jsx' flag is provided.
src/ResourceVillageUI.tsx(11096,23): error TS17004: Cannot use JSX unless the '--jsx' flag is provided.
src/ResourceVillageUI.tsx(11097,25): error TS17004: Cannot use JSX unless the '--jsx' flag is provided.
src/ResourceVillageUI.tsx(11098,25): error TS17004: Cannot use JSX unless the '--jsx' flag is provided.
src/ResourceVillageUI.tsx(11104,23): error TS17004: Cannot use JSX unless the '--jsx' flag is provided.
src/ResourceVillageUI.tsx(11105,25): error TS17004: Cannot use JSX unless the '--jsx' flag is provided.
src/ResourceVillageUI.tsx(11106,27): error TS17004: Cannot use JSX unless the '--jsx' flag is provided.
src/ResourceVillageUI.tsx(11113,25): error TS17004: Cannot use JSX unless the '--jsx' flag is provided.
src/ResourceVillageUI.tsx(11124,17): error TS17004: Cannot use JSX unless the '--jsx' flag is provided.
src/ResourceVillageUI.tsx(11125,19): error TS17004: Cannot use JSX unless the '--jsx' flag is provided.
src/ResourceVillageUI.tsx(11128,19): error TS17004: Cannot use JSX unless the '--jsx' flag is provided.
src/ResourceVillageUI.tsx(11130,21): error TS17004: Cannot use JSX unless the '--jsx' flag is provided.
src/ResourceVillageUI.tsx(11131,23): error TS17004: Cannot use JSX unless the '--jsx' flag is provided.
src/ResourceVillageUI.tsx(11132,23): error TS17004: Cannot use JSX unless the '--jsx' flag is provided.
src/ResourceVillageUI.tsx(11139,23): error TS17004: Cannot use JSX unless the '--jsx' flag is provided.
src/ResourceVillageUI.tsx(11140,25): error TS17004: Cannot use JSX unless the '--jsx' flag is provided.
src/ResourceVillageUI.tsx(11141,25): error TS17004: Cannot use JSX unless the '--jsx' flag is provided.
src/ResourceVillageUI.tsx(11142,27): error TS17004: Cannot use JSX unless the '--jsx' flag is provided.
src/ResourceVillageUI.tsx(11143,27): error TS17004: Cannot use JSX unless the '--jsx' flag is provided.
src/ResourceVillageUI.tsx(11144,27): error TS17004: Cannot use JSX unless the '--jsx' flag is provided.
src/ResourceVillageUI.tsx(11150,21): error TS17004: Cannot use JSX unless the '--jsx' flag is provided.
src/ResourceVillageUI.tsx(11151,23): error TS17004: Cannot use JSX unless the '--jsx' flag is provided.
src/ResourceVillageUI.tsx(11152,25): error TS17004: Cannot use JSX unless the '--jsx' flag is provided.
src/ResourceVillageUI.tsx(11153,25): error TS17004: Cannot use JSX unless the '--jsx' flag is provided.
src/ResourceVillageUI.tsx(11160,25): error TS17004: Cannot use JSX unless the '--jsx' flag is provided.
src/ResourceVillageUI.tsx(11161,27): error TS17004: Cannot use JSX unless the '--jsx' flag is provided.
src/ResourceVillageUI.tsx(11162,29): error TS17004: Cannot use JSX unless the '--jsx' flag is provided.
src/ResourceVillageUI.tsx(11169,27): error TS17004: Cannot use JSX unless the '--jsx' flag is provided.
src/ResourceVillageUI.tsx(11175,25): error TS17004: Cannot use JSX unless the '--jsx' flag is provided.
src/ResourceVillageUI.tsx(11185,15): error TS17004: Cannot use JSX unless the '--jsx' flag is provided.
src/ResourceVillageUI.tsx(11186,17): error TS17004: Cannot use JSX unless the '--jsx' flag is provided.
src/ResourceVillageUI.tsx(11187,17): error TS17004: Cannot use JSX unless the '--jsx' flag is provided.
src/ResourceVillageUI.tsx(11188,17): error TS17004: Cannot use JSX unless the '--jsx' flag is provided.
src/ResourceVillageUI.tsx(11189,19): error TS17004: Cannot use JSX unless the '--jsx' flag is provided.
src/ResourceVillageUI.tsx(11190,21): error TS17004: Cannot use JSX unless the '--jsx' flag is provided.
src/ResourceVillageUI.tsx(11191,21): error TS17004: Cannot use JSX unless the '--jsx' flag is provided.
src/ResourceVillageUI.tsx(11193,19): error TS17004: Cannot use JSX unless the '--jsx' flag is provided.
src/ResourceVillageUI.tsx(11194,21): error TS17004: Cannot use JSX unless the '--jsx' flag is provided.
src/ResourceVillageUI.tsx(11195,21): error TS17004: Cannot use JSX unless the '--jsx' flag is provided.
src/ResourceVillageUI.tsx(11197,19): error TS17004: Cannot use JSX unless the '--jsx' flag is provided.
src/ResourceVillageUI.tsx(11198,21): error TS17004: Cannot use JSX unless the '--jsx' flag is provided.
src/ResourceVillageUI.tsx(11199,21): error TS17004: Cannot use JSX unless the '--jsx' flag is provided.
src/ResourceVillageUI.tsx(11201,19): error TS17004: Cannot use JSX unless the '--jsx' flag is provided.
src/ResourceVillageUI.tsx(11202,21): error TS17004: Cannot use JSX unless the '--jsx' flag is provided.
src/ResourceVillageUI.tsx(11203,21): error TS17004: Cannot use JSX unless the '--jsx' flag is provided.
src/ResourceVillageUI.tsx(11208,15): error TS17004: Cannot use JSX unless the '--jsx' flag is provided.
src/ResourceVillageUI.tsx(11209,17): error TS17004: Cannot use JSX unless the '--jsx' flag is provided.
src/ResourceVillageUI.tsx(11210,17): error TS17004: Cannot use JSX unless the '--jsx' flag is provided.
src/ResourceVillageUI.tsx(11211,19): error TS17004: Cannot use JSX unless the '--jsx' flag is provided.
src/ResourceVillageUI.tsx(11212,21): error TS17004: Cannot use JSX unless the '--jsx' flag is provided.
src/ResourceVillageUI.tsx(11213,23): error TS17004: Cannot use JSX unless the '--jsx' flag is provided.
src/ResourceVillageUI.tsx(11214,25): error TS17004: Cannot use JSX unless the '--jsx' flag is provided.
src/ResourceVillageUI.tsx(11215,25): error TS17004: Cannot use JSX unless the '--jsx' flag is provided.
src/ResourceVillageUI.tsx(11216,25): error TS17004: Cannot use JSX unless the '--jsx' flag is provided.
src/ResourceVillageUI.tsx(11217,25): error TS17004: Cannot use JSX unless the '--jsx' flag is provided.
src/ResourceVillageUI.tsx(11218,25): error TS17004: Cannot use JSX unless the '--jsx' flag is provided.
src/ResourceVillageUI.tsx(11219,25): error TS17004: Cannot use JSX unless the '--jsx' flag is provided.
src/ResourceVillageUI.tsx(11220,25): error TS17004: Cannot use JSX unless the '--jsx' flag is provided.
src/ResourceVillageUI.tsx(11221,25): error TS17004: Cannot use JSX unless the '--jsx' flag is provided.
src/ResourceVillageUI.tsx(11224,21): error TS17004: Cannot use JSX unless the '--jsx' flag is provided.
src/ResourceVillageUI.tsx(11226,25): error TS17004: Cannot use JSX unless the '--jsx' flag is provided.
src/ResourceVillageUI.tsx(11227,27): error TS17004: Cannot use JSX unless the '--jsx' flag is provided.
src/ResourceVillageUI.tsx(11228,27): error TS17004: Cannot use JSX unless the '--jsx' flag is provided.
src/ResourceVillageUI.tsx(11229,27): error TS17004: Cannot use JSX unless the '--jsx' flag is provided.
src/ResourceVillageUI.tsx(11230,27): error TS17004: Cannot use JSX unless the '--jsx' flag is provided.
src/ResourceVillageUI.tsx(11231,27): error TS17004: Cannot use JSX unless the '--jsx' flag is provided.
src/ResourceVillageUI.tsx(11232,27): error TS17004: Cannot use JSX unless the '--jsx' flag is provided.
src/ResourceVillageUI.tsx(11233,27): error TS17004: Cannot use JSX unless the '--jsx' flag is provided.
src/ResourceVillageUI.tsx(11234,27): error TS17004: Cannot use JSX unless the '--jsx' flag is provided.
src/ResourceVillageUI.tsx(11243,42): error TS2550: Property 'find' does not exist on type 'Mission[]'. Do you need to change your target library? Try changing the 'lib' compiler option to 'es2015' or later.
src/ResourceVillageUI.tsx(11250,21): error TS17004: Cannot use JSX unless the '--jsx' flag is provided.
src/ResourceVillageUI.tsx(11262,21): error TS17004: Cannot use JSX unless the '--jsx' flag is provided.
src/ResourceVillageUI.tsx(11272,19): error TS17004: Cannot use JSX unless the '--jsx' flag is provided.
src/ResourceVillageUI.tsx(11298,11): error TS17004: Cannot use JSX unless the '--jsx' flag is provided.
src/ResourceVillageUI.tsx(11299,13): error TS17004: Cannot use JSX unless the '--jsx' flag is provided.
src/ResourceVillageUI.tsx(11300,15): error TS17004: Cannot use JSX unless the '--jsx' flag is provided.
src/ResourceVillageUI.tsx(11301,17): error TS17004: Cannot use JSX unless the '--jsx' flag is provided.
src/ResourceVillageUI.tsx(11302,17): error TS17004: Cannot use JSX unless the '--jsx' flag is provided.
src/ResourceVillageUI.tsx(11305,17): error TS17004: Cannot use JSX unless the '--jsx' flag is provided.
src/ResourceVillageUI.tsx(11311,15): error TS17004: Cannot use JSX unless the '--jsx' flag is provided.
src/ResourceVillageUI.tsx(11312,17): error TS17004: Cannot use JSX unless the '--jsx' flag is provided.
src/ResourceVillageUI.tsx(11313,17): error TS17004: Cannot use JSX unless the '--jsx' flag is provided.
src/ResourceVillageUI.tsx(11315,21): error TS17004: Cannot use JSX unless the '--jsx' flag is provided.
src/ResourceVillageUI.tsx(11316,23): error TS17004: Cannot use JSX unless the '--jsx' flag is provided.
src/ResourceVillageUI.tsx(11317,25): error TS17004: Cannot use JSX unless the '--jsx' flag is provided.
src/ResourceVillageUI.tsx(11318,25): error TS17004: Cannot use JSX unless the '--jsx' flag is provided.
src/ResourceVillageUI.tsx(11320,23): error TS17004: Cannot use JSX unless the '--jsx' flag is provided.
src/ResourceVillageUI.tsx(11324,21): error TS17004: Cannot use JSX unless the '--jsx' flag is provided.
src/ResourceVillageUI.tsx(11325,23): error TS17004: Cannot use JSX unless the '--jsx' flag is provided.
src/ResourceVillageUI.tsx(11326,25): error TS17004: Cannot use JSX unless the '--jsx' flag is provided.
src/ResourceVillageUI.tsx(11327,25): error TS17004: Cannot use JSX unless the '--jsx' flag is provided.
src/ResourceVillageUI.tsx(11329,23): error TS17004: Cannot use JSX unless the '--jsx' flag is provided.
src/ResourceVillageUI.tsx(11333,21): error TS17004: Cannot use JSX unless the '--jsx' flag is provided.
src/ResourceVillageUI.tsx(11334,23): error TS17004: Cannot use JSX unless the '--jsx' flag is provided.
src/ResourceVillageUI.tsx(11335,25): error TS17004: Cannot use JSX unless the '--jsx' flag is provided.
src/ResourceVillageUI.tsx(11336,25): error TS17004: Cannot use JSX unless the '--jsx' flag is provided.
src/ResourceVillageUI.tsx(11338,23): error TS17004: Cannot use JSX unless the '--jsx' flag is provided.
src/ResourceVillageUI.tsx(11342,21): error TS17004: Cannot use JSX unless the '--jsx' flag is provided.
src/ResourceVillageUI.tsx(11343,23): error TS17004: Cannot use JSX unless the '--jsx' flag is provided.
src/ResourceVillageUI.tsx(11344,25): error TS17004: Cannot use JSX unless the '--jsx' flag is provided.
src/ResourceVillageUI.tsx(11345,25): error TS17004: Cannot use JSX unless the '--jsx' flag is provided.
src/ResourceVillageUI.tsx(11347,23): error TS17004: Cannot use JSX unless the '--jsx' flag is provided.
src/ResourceVillageUI.tsx(11351,21): error TS17004: Cannot use JSX unless the '--jsx' flag is provided.
src/ResourceVillageUI.tsx(11352,23): error TS17004: Cannot use JSX unless the '--jsx' flag is provided.
src/ResourceVillageUI.tsx(11353,25): error TS17004: Cannot use JSX unless the '--jsx' flag is provided.
src/ResourceVillageUI.tsx(11354,25): error TS17004: Cannot use JSX unless the '--jsx' flag is provided.
src/ResourceVillageUI.tsx(11356,23): error TS17004: Cannot use JSX unless the '--jsx' flag is provided.
src/ResourceVillageUI.tsx(11362,15): error TS17004: Cannot use JSX unless the '--jsx' flag is provided.
src/ResourceVillageUI.tsx(11397,7): error TS17004: Cannot use JSX unless the '--jsx' flag is provided.
src/ResourceVillageUI.tsx(11403,34): error TS2550: Property 'find' does not exist on type 'Banner[]'. Do you need to change your target library? Try changing the 'lib' compiler option to 'es2015' or later.
src/ResourceVillageUI.tsx(11424,34): error TS2550: Property 'find' does not exist on type 'Banner[]'. Do you need to change your target library? Try changing the 'lib' compiler option to 'es2015' or later.
src/ResourceVillageUI.tsx(11446,13): error TS17004: Cannot use JSX unless the '--jsx' flag is provided.
src/ResourceVillageUI.tsx(11447,15): error TS17004: Cannot use JSX unless the '--jsx' flag is provided.
src/ResourceVillageUI.tsx(11448,17): error TS17004: Cannot use JSX unless the '--jsx' flag is provided.
src/ResourceVillageUI.tsx(11449,17): error TS17004: Cannot use JSX unless the '--jsx' flag is provided.
src/ResourceVillageUI.tsx(11450,67): error TS17004: Cannot use JSX unless the '--jsx' flag is provided.
src/ResourceVillageUI.tsx(11454,17): error TS17004: Cannot use JSX unless the '--jsx' flag is provided.
src/ResourceVillageUI.tsx(11455,19): error TS17004: Cannot use JSX unless the '--jsx' flag is provided.
src/ResourceVillageUI.tsx(11456,19): error TS17004: Cannot use JSX unless the '--jsx' flag is provided.
src/ResourceVillageUI.tsx(11457,21): error TS17004: Cannot use JSX unless the '--jsx' flag is provided.
src/ResourceVillageUI.tsx(11464,17): error TS17004: Cannot use JSX unless the '--jsx' flag is provided.
src/ResourceVillageUI.tsx(11465,19): error TS17004: Cannot use JSX unless the '--jsx' flag is provided.
src/ResourceVillageUI.tsx(11466,19): error TS17004: Cannot use JSX unless the '--jsx' flag is provided.
src/ResourceVillageUI.tsx(11468,23): error TS17004: Cannot use JSX unless the '--jsx' flag is provided.
src/ResourceVillageUI.tsx(11469,25): error TS17004: Cannot use JSX unless the '--jsx' flag is provided.
src/ResourceVillageUI.tsx(11470,25): error TS17004: Cannot use JSX unless the '--jsx' flag is provided.
src/ResourceVillageUI.tsx(11473,23): error TS17004: Cannot use JSX unless the '--jsx' flag is provided.
src/ResourceVillageUI.tsx(11474,25): error TS17004: Cannot use JSX unless the '--jsx' flag is provided.
src/ResourceVillageUI.tsx(11475,25): error TS17004: Cannot use JSX unless the '--jsx' flag is provided.
src/ResourceVillageUI.tsx(11479,23): error TS17004: Cannot use JSX unless the '--jsx' flag is provided.
src/ResourceVillageUI.tsx(11480,25): error TS17004: Cannot use JSX unless the '--jsx' flag is provided.
src/ResourceVillageUI.tsx(11481,25): error TS17004: Cannot use JSX unless the '--jsx' flag is provided.
src/ResourceVillageUI.tsx(11484,23): error TS17004: Cannot use JSX unless the '--jsx' flag is provided.
src/ResourceVillageUI.tsx(11485,25): error TS17004: Cannot use JSX unless the '--jsx' flag is provided.
src/ResourceVillageUI.tsx(11486,25): error TS17004: Cannot use JSX unless the '--jsx' flag is provided.
src/ResourceVillageUI.tsx(11492,17): error TS17004: Cannot use JSX unless the '--jsx' flag is provided.
src/ResourceVillageUI.tsx(11493,19): error TS17004: Cannot use JSX unless the '--jsx' flag is provided.
src/ResourceVillageUI.tsx(11501,19): error TS17004: Cannot use JSX unless the '--jsx' flag is provided.
src/ResourceVillageUI.tsx(11517,11): error TS17004: Cannot use JSX unless the '--jsx' flag is provided.
src/ResourceVillageUI.tsx(11518,13): error TS17004: Cannot use JSX unless the '--jsx' flag is provided.
src/ResourceVillageUI.tsx(11519,15): error TS17004: Cannot use JSX unless the '--jsx' flag is provided.
src/ResourceVillageUI.tsx(11520,17): error TS17004: Cannot use JSX unless the '--jsx' flag is provided.
src/ResourceVillageUI.tsx(11521,17): error TS17004: Cannot use JSX unless the '--jsx' flag is provided.
src/ResourceVillageUI.tsx(11528,15): error TS17004: Cannot use JSX unless the '--jsx' flag is provided.
src/ResourceVillageUI.tsx(11534,17): error TS17004: Cannot use JSX unless the '--jsx' flag is provided.
src/ResourceVillageUI.tsx(11536,21): error TS17004: Cannot use JSX unless the '--jsx' flag is provided.
src/ResourceVillageUI.tsx(11537,23): error TS17004: Cannot use JSX unless the '--jsx' flag is provided.
src/ResourceVillageUI.tsx(11538,23): error TS17004: Cannot use JSX unless the '--jsx' flag is provided.
src/ResourceVillageUI.tsx(11552,25): error TS17004: Cannot use JSX unless the '--jsx' flag is provided.
src/ResourceVillageUI.tsx(11563,27): error TS17004: Cannot use JSX unless the '--jsx' flag is provided.
src/ResourceVillageUI.tsx(11564,27): error TS17004: Cannot use JSX unless the '--jsx' flag is provided.
src/ResourceVillageUI.tsx(11565,27): error TS17004: Cannot use JSX unless the '--jsx' flag is provided.
src/ResourceVillageUI.tsx(11574,17): error TS17004: Cannot use JSX unless the '--jsx' flag is provided.
src/ResourceVillageUI.tsx(11576,21): error TS17004: Cannot use JSX unless the '--jsx' flag is provided.
src/ResourceVillageUI.tsx(11585,23): error TS17004: Cannot use JSX unless the '--jsx' flag is provided.
src/ResourceVillageUI.tsx(11586,23): error TS17004: Cannot use JSX unless the '--jsx' flag is provided.
src/ResourceVillageUI.tsx(11592,21): error TS17004: Cannot use JSX unless the '--jsx' flag is provided.
src/ResourceVillageUI.tsx(11602,7): error TS17004: Cannot use JSX unless the '--jsx' flag is provided.
src/ResourceVillageUI.tsx(11603,9): error TS17004: Cannot use JSX unless the '--jsx' flag is provided.
src/ResourceVillageUI.tsx(11604,11): error TS17004: Cannot use JSX unless the '--jsx' flag is provided.
src/ResourceVillageUI.tsx(11611,13): error TS17004: Cannot use JSX unless the '--jsx' flag is provided.
src/ResourceVillageUI.tsx(11612,13): error TS17004: Cannot use JSX unless the '--jsx' flag is provided.
src/ResourceVillageUI.tsx(11614,11): error TS17004: Cannot use JSX unless the '--jsx' flag is provided.
src/ResourceVillageUI.tsx(11621,13): error TS17004: Cannot use JSX unless the '--jsx' flag is provided.
src/ResourceVillageUI.tsx(11622,13): error TS17004: Cannot use JSX unless the '--jsx' flag is provided.
src/ResourceVillageUI.tsx(11624,11): error TS17004: Cannot use JSX unless the '--jsx' flag is provided.
src/ResourceVillageUI.tsx(11639,13): error TS17004: Cannot use JSX unless the '--jsx' flag is provided.
src/ResourceVillageUI.tsx(11640,13): error TS17004: Cannot use JSX unless the '--jsx' flag is provided.
src/ResourceVillageUI.tsx(11642,11): error TS17004: Cannot use JSX unless the '--jsx' flag is provided.
src/ResourceVillageUI.tsx(11649,13): error TS17004: Cannot use JSX unless the '--jsx' flag is provided.
src/ResourceVillageUI.tsx(11650,13): error TS17004: Cannot use JSX unless the '--jsx' flag is provided.
src/ResourceVillageUI.tsx(11652,11): error TS17004: Cannot use JSX unless the '--jsx' flag is provided.
src/ResourceVillageUI.tsx(11659,13): error TS17004: Cannot use JSX unless the '--jsx' flag is provided.
src/ResourceVillageUI.tsx(11660,13): error TS17004: Cannot use JSX unless the '--jsx' flag is provided.
src/ResourceVillageUI.tsx(11664,9): error TS17004: Cannot use JSX unless the '--jsx' flag is provided.
src/ResourceVillageUI.tsx(11665,11): error TS17004: Cannot use JSX unless the '--jsx' flag is provided.
src/ResourceVillageUI.tsx(11672,13): error TS17004: Cannot use JSX unless the '--jsx' flag is provided.
src/ResourceVillageUI.tsx(11673,13): error TS17004: Cannot use JSX unless the '--jsx' flag is provided.
src/ResourceVillageUI.tsx(11675,11): error TS17004: Cannot use JSX unless the '--jsx' flag is provided.
src/ResourceVillageUI.tsx(11682,13): error TS17004: Cannot use JSX unless the '--jsx' flag is provided.
src/ResourceVillageUI.tsx(11683,13): error TS17004: Cannot use JSX unless the '--jsx' flag is provided.
src/ResourceVillageUI.tsx(11685,11): error TS17004: Cannot use JSX unless the '--jsx' flag is provided.
src/ResourceVillageUI.tsx(11689,13): error TS17004: Cannot use JSX unless the '--jsx' flag is provided.
src/ResourceVillageUI.tsx(11690,13): error TS17004: Cannot use JSX unless the '--jsx' flag is provided.
src/ResourceVillageUI.tsx(11692,11): error TS17004: Cannot use JSX unless the '--jsx' flag is provided.
src/ResourceVillageUI.tsx(11696,13): error TS17004: Cannot use JSX unless the '--jsx' flag is provided.
src/ResourceVillageUI.tsx(11697,13): error TS17004: Cannot use JSX unless the '--jsx' flag is provided.
src/ResourceVillageUI.tsx(11703,7): error TS17004: Cannot use JSX unless the '--jsx' flag is provided.
