src/ResourceVillageUI.tsx(2031,7): error TS2552: Cannot find name 'setIsFullscreen'. Did you mean 'exitFullscreen'?
src/ResourceVillageUI.tsx(3533,11): error TS6133: '_initialTotal' is declared but its value is never read.
src/ResourceVillageUI.tsx(4721,9): error TS6133: 'actualWorkers' is declared but its value is never read.
src/ResourceVillageUI.tsx(5301,17): error TS6133: '_activeArriving' is declared but its value is never read.
src/ResourceVillageUI.tsx(5826,5): error TS6133: 'rate' is declared but its value is never read.
src/ResourceVillageUI.tsx(5881,88): error TS2339: Property '_markerPct' does not exist on type '{ totalFilledPct: number; scaledLockedPct: number; scaledBufferPct: number; scaledFreePct: number; emptyPct: number; markerPct: number; showMarker: boolean; }'.
src/ResourceVillageUI.tsx(5881,88): error TS6133: '_markerPct' is declared but its value is never read.
src/ResourceVillageUI.tsx(5885,11): error TS6133: '_riskyRecruits' is declared but its value is never read.
src/ResourceVillageUI.tsx(6110,24): error TS2304: Cannot find name 'setShowCheatMenu'.
src/ResourceVillageUI.tsx(6110,41): error TS7006: Parameter 'prev' implicitly has an 'any' type.
src/ResourceVillageUI.tsx(6145,16): error TS2552: Cannot find name 'isFullscreen'. Did you mean 'exitFullscreen'?
src/ResourceVillageUI.tsx(6148,10): error TS2552: Cannot find name 'isFullscreen'. Did you mean 'exitFullscreen'?
src/ResourceVillageUI.tsx(7534,10): error TS2304: Cannot find name 'showCheatMenu'.
src/ResourceVillageUI.tsx(7539,32): error TS2304: Cannot find name 'setShowCheatMenu'.
src/ResourceVillageUI.tsx(7621,24): error TS2552: Cannot find name 'isFullscreen'. Did you mean 'exitFullscreen'?
src/ResourceVillageUI.tsx(7623,18): error TS2552: Cannot find name 'isFullscreen'. Did you mean 'exitFullscreen'?
src/ResourceVillageUI.tsx(7634,29): error TS6133: 'e' is declared but its value is never read.
src/ResourceVillageUI.tsx(9477,39): error TS6133: 'firstRound' is declared but its value is never read.
