src/ResourceVillageUI.tsx(176,10): error TS6133: 'getIronCostPerUnit' is declared but its value is never read.
src/ResourceVillageUI.tsx(608,6): error TS6196: 'BuildingCategory' is declared but never used.
src/ResourceVillageUI.tsx(947,10): error TS6133: 'getSquadHealthState' is declared but its value is never read.
src/ResourceVillageUI.tsx(956,10): error TS6133: 'getSquadColorClass' is declared but its value is never read.
src/ResourceVillageUI.tsx(990,9): error TS6133: 'numSquads' is declared but its value is never read.
src/ResourceVillageUI.tsx(1049,3): error TS6133: 'banner' is declared but its value is never read.
src/ResourceVillageUI.tsx(1120,10): error TS6133: 'distributeDivisionLossesToSquads' is declared but its value is never read.
src/ResourceVillageUI.tsx(1889,32): error TS6133: 'archetype' is declared but its value is never read.
src/ResourceVillageUI.tsx(1938,27): error TS6133: 'setBannerTemplates' is declared but its value is never read.
src/ResourceVillageUI.tsx(2661,9): error TS6133: '_isMobile' is declared but its value is never read.
src/ResourceVillageUI.tsx(3024,13): error TS6133: 'defaultState' is declared but its value is never read.
src/ResourceVillageUI.tsx(3037,9): error TS6133: 'regularUnitTypes' is declared but its value is never read.
src/ResourceVillageUI.tsx(3054,12): error TS6133: 'addWarriorSquad' is declared but its value is never read.
src/ResourceVillageUI.tsx(3057,12): error TS6133: 'addArcherSquad' is declared but its value is never read.
src/ResourceVillageUI.tsx(3060,12): error TS6133: 'removeLastSquad' is declared but its value is never read.
src/ResourceVillageUI.tsx(3061,12): error TS6133: 'clearDraft' is declared but its value is never read.
src/ResourceVillageUI.tsx(3079,12): error TS6133: 'confirmBanner' is declared but its value is never read.
src/ResourceVillageUI.tsx(3133,12): error TS6133: 'updateBannerName' is declared but its value is never read.
src/ResourceVillageUI.tsx(3151,12): error TS6133: '_cleanupBanner' is declared but its value is never read.
src/ResourceVillageUI.tsx(3169,12): error TS6133: 'resetBannerName' is declared but its value is never read.
src/ResourceVillageUI.tsx(3184,12): error TS6133: 'regenerateBannerNameIfNeeded' is declared but its value is never read.
src/ResourceVillageUI.tsx(3196,12): error TS6133: 'startTraining' is declared but its value is never read.
src/ResourceVillageUI.tsx(3244,12): error TS6133: 'toggleTrainingPause' is declared but its value is never read.
src/ResourceVillageUI.tsx(3285,12): error TS6133: 'addSquadToBanner' is declared but its value is never read.
src/ResourceVillageUI.tsx(3349,12): error TS6133: 'updateSlotInBanner' is declared but its value is never read.
src/ResourceVillageUI.tsx(3427,12): error TS6133: 'createNewBanner' is declared but its value is never read.
src/ResourceVillageUI.tsx(3757,20): error TS2345: Argument of type '(exps: Expedition[]) => (Expedition | { fortress: { buildings: FortressBuilding[]; stats: FortressStats; }; expeditionId: string; ... 5 more ...; travelProgress: number; })[]' is not assignable to parameter of type 'SetStateAction<Expedition[]>'.
  Type '(exps: Expedition[]) => (Expedition | { fortress: { buildings: FortressBuilding[]; stats: FortressStats; }; expeditionId: string; ... 5 more ...; travelProgress: number; })[]' is not assignable to type '(prevState: Expedition[]) => Expedition[]'.
    Type '(Expedition | { fortress: { buildings: FortressBuilding[]; stats: FortressStats; }; expeditionId: string; title: string; shortSummary: string; description: string; state: ExpeditionState; requirements: { ...; }; travelProgress: number; })[]' is not assignable to type 'Expedition[]'.
      Type 'Expedition | { fortress: { buildings: FortressBuilding[]; stats: FortressStats; }; expeditionId: string; title: string; shortSummary: string; description: string; state: ExpeditionState; requirements: { ...; }; travelProgress: number; }' is not assignable to type 'Expedition'.
        Type '{ fortress: { buildings: FortressBuilding[]; stats: FortressStats; }; expeditionId: string; title: string; shortSummary: string; description: string; state: ExpeditionState; requirements: { wood: { required: number; current: number; }; stone: { required: number; current: number; }; food: { required: number; current:...' is not assignable to type 'Expedition'.
          Types of property 'fortress' are incompatible.
            Property 'garrison' is missing in type '{ buildings: FortressBuilding[]; stats: FortressStats; }' but required in type '{ buildings: FortressBuilding[]; stats: FortressStats; garrison: number[]; lastBattle?: SiegeBattleResult | undefined; }'.
src/ResourceVillageUI.tsx(3913,11): error TS6133: 'initialTotal' is declared but its value is never read.
src/ResourceVillageUI.tsx(4343,12): error TS6133: 'dismissBannerLossNotice' is declared but its value is never read.
src/ResourceVillageUI.tsx(4688,12): error TS6133: 'plotBattleChart' is declared but its value is never read.
src/ResourceVillageUI.tsx(4855,5): error TS6199: All variables are unused.
src/ResourceVillageUI.tsx(5230,9): error TS6133: 'freeWorkers' is declared but its value is never read.
src/ResourceVillageUI.tsx(5252,9): error TS6133: 'safeRecruits' is declared but its value is never read.
src/ResourceVillageUI.tsx(5253,9): error TS6133: 'riskyRecruits' is declared but its value is never read.
src/ResourceVillageUI.tsx(5379,9): error TS6133: 'popRate' is declared but its value is never read.
src/ResourceVillageUI.tsx(5822,17): error TS6133: 'activeArriving' is declared but its value is never read.
src/ResourceVillageUI.tsx(6340,12): error TS6133: 'CostBadge' is declared but its value is never read.
src/ResourceVillageUI.tsx(6349,5): error TS6133: 'rate' is declared but its value is never read.
src/ResourceVillageUI.tsx(6373,11): error TS6133: 'integerPopulation' is declared but its value is never read.
src/ResourceVillageUI.tsx(6404,88): error TS6133: 'markerPct' is declared but its value is never read.
src/ResourceVillageUI.tsx(6408,11): error TS6133: 'riskyRecruits' is declared but its value is never read.
src/ResourceVillageUI.tsx(6546,11): error TS6133: 'shouldHideLabel' is declared but its value is never read.
src/ResourceVillageUI.tsx(6859,25): error TS2304: Cannot find name 'lumberjackImg'.
src/ResourceVillageUI.tsx(7744,12): error TS6133: 'TaxesRow' is declared but its value is never read.
src/ResourceVillageUI.tsx(7969,35): error TS2304: Cannot find name 'backgroundImg'.
src/ResourceVillageUI.tsx(8178,29): error TS6133: 'e' is declared but its value is never read.
src/ResourceVillageUI.tsx(9300,25): error TS6133: 'hasRewards' is declared but its value is never read.
src/ResourceVillageUI.tsx(10021,39): error TS6133: 'firstRound' is declared but its value is never read.
src/ResourceVillageUI.tsx(10316,40): error TS2304: Cannot find name 'lumberjackImg'.
src/ResourceVillageUI.tsx(10602,17): error TS6133: 'totalGarrison' is declared but its value is never read.
